Archive member included to satisfy reference by file (symbol)

/opt/devkitpro/libctru/lib/libcitro2d.a(base.o)
                              main.o (C2D_Init)
/opt/devkitpro/libctru/lib/libcitro2d.a(text.o)
                              main.o (C2D_TextBufNew)
/opt/devkitpro/libctru/lib/libcitro2d.a(font.o)
                              /opt/devkitpro/libctru/lib/libcitro2d.a(text.o) (C2D_FontGlyphIndexFromCodePoint)
/opt/devkitpro/libctru/lib/libcitro2d.a(render2d.shbin.o)
                              /opt/devkitpro/libctru/lib/libcitro2d.a(base.o) (render2d_shbin)
/opt/devkitpro/libctru/lib/libcitro3d.a(attribs.o)
                              /opt/devkitpro/libctru/lib/libcitro2d.a(base.o) (AttrInfo_Init)
/opt/devkitpro/libctru/lib/libcitro3d.a(base.o)
                              /opt/devkitpro/libctru/lib/libcitro3d.a(attribs.o) (__C3D_Context)
/opt/devkitpro/libctru/lib/libcitro3d.a(buffers.o)
                              /opt/devkitpro/libctru/lib/libcitro2d.a(base.o) (BufInfo_Init)
/opt/devkitpro/libctru/lib/libcitro3d.a(drawElements.o)
                              /opt/devkitpro/libctru/lib/libcitro2d.a(base.o) (C3D_DrawElements)
/opt/devkitpro/libctru/lib/libcitro3d.a(effect.o)
                              /opt/devkitpro/libctru/lib/libcitro3d.a(base.o) (C3D_DepthMap)
/opt/devkitpro/libctru/lib/libcitro3d.a(framebuffer.o)
                              /opt/devkitpro/libctru/lib/libcitro3d.a(base.o) (C3Di_FrameBufBind)
/opt/devkitpro/libctru/lib/libcitro3d.a(immediate.o)
                              /opt/devkitpro/libctru/lib/libcitro3d.a(base.o) (C3D_ImmSendAttrib)
/opt/devkitpro/libctru/lib/libcitro3d.a(proctex.o)
                              /opt/devkitpro/libctru/lib/libcitro2d.a(base.o) (C3D_ProcTexInit)
/opt/devkitpro/libctru/lib/libcitro3d.a(renderqueue.o)
                              /opt/devkitpro/libctru/lib/libcitro3d.a(base.o) (C3Di_RenderQueueEnableVBlank)
/opt/devkitpro/libctru/lib/libcitro3d.a(texenv.o)
                              /opt/devkitpro/libctru/lib/libcitro2d.a(base.o) (C3D_GetTexEnv)
/opt/devkitpro/libctru/lib/libcitro3d.a(texture.o)
                              /opt/devkitpro/libctru/lib/libcitro2d.a(base.o) (C3D_TexBind)
/opt/devkitpro/libctru/lib/libcitro3d.a(uniforms.o)
                              /opt/devkitpro/libctru/lib/libcitro3d.a(base.o) (C3D_UpdateUniforms)
/opt/devkitpro/libctru/lib/libcitro3d.a(mtx_multiply.o)
                              /opt/devkitpro/libctru/lib/libcitro2d.a(base.o) (Mtx_Multiply)
/opt/devkitpro/libctru/lib/libcitro3d.a(mtx_ortho.o)
                              /opt/devkitpro/libctru/lib/libcitro2d.a(base.o) (Mtx_Ortho)
/opt/devkitpro/libctru/lib/libcitro3d.a(mtx_orthotilt.o)
                              /opt/devkitpro/libctru/lib/libcitro2d.a(base.o) (Mtx_OrthoTilt)
/opt/devkitpro/libctru/lib/libcitro3d.a(mtx_rotatez.o)
                              /opt/devkitpro/libctru/lib/libcitro2d.a(base.o) (Mtx_RotateZ)
/opt/devkitpro/libctru/lib/libcitro3d.a(mtx_scale.o)
                              /opt/devkitpro/libctru/lib/libcitro2d.a(base.o) (Mtx_Scale)
/opt/devkitpro/libctru/lib/libcitro3d.a(mtx_translate.o)
                              /opt/devkitpro/libctru/lib/libcitro2d.a(base.o) (Mtx_Translate)
/opt/devkitpro/libctru/lib/libctru.a(linear.o)
                              /opt/devkitpro/libctru/lib/libcitro2d.a(base.o) (linearAlloc)
/opt/devkitpro/libctru/lib/libctru.a(mem_pool.o)
                              /opt/devkitpro/libctru/lib/libctru.a(linear.o) (MemPool::Allocate(MemChunk&, unsigned long, int))
/opt/devkitpro/libctru/lib/libctru.a(vram.o)
                              /opt/devkitpro/libctru/lib/libcitro3d.a(renderqueue.o) (vramAlloc)
/opt/devkitpro/libctru/lib/libctru.a(font.o)
                              /opt/devkitpro/libctru/lib/libcitro2d.a(text.o) (fontEnsureMapped)
/opt/devkitpro/libctru/lib/libctru.a(gfx.o)
                              /opt/devkitpro/libctru/lib/libcitro2d.a(base.o) (gfxIsWide)
/opt/devkitpro/libctru/lib/libctru.a(os.o)
                              /opt/devkitpro/libctru/lib/libcitro3d.a(buffers.o) (osConvertVirtToPhys)
/opt/devkitpro/libctru/lib/libctru.a(romfs_dev.o)
                              main.o (romfsMountSelf)
/opt/devkitpro/libctru/lib/libctru.a(gpu.o)
                              /opt/devkitpro/libctru/lib/libcitro3d.a(base.o) (gpuCmdBufOffset)
/opt/devkitpro/libctru/lib/libctru.a(gx.o)
                              /opt/devkitpro/libctru/lib/libcitro3d.a(renderqueue.o) (GX_BindQueue)
/opt/devkitpro/libctru/lib/libctru.a(gxqueue.o)
                              /opt/devkitpro/libctru/lib/libcitro3d.a(renderqueue.o) (gxCmdQueueClear)
/opt/devkitpro/libctru/lib/libctru.a(shaderProgram.o)
                              /opt/devkitpro/libctru/lib/libcitro2d.a(base.o) (shaderInstanceGetUniformLocation)
/opt/devkitpro/libctru/lib/libctru.a(shbin.o)
                              /opt/devkitpro/libctru/lib/libcitro2d.a(base.o) (DVLB_ParseFile)
[...]
Memory Configuration

Name             Origin             Length             Attributes
*default*        0x00000000         0xffffffff

Linker script and memory map

                0x00000000                        __sync_synchronize = __sync_synchronize_dmb
                0x00100000                        PROVIDE (__start__ = 0x100000)
                0x00100000                        . = __start__

.text           0x00100000    0x186fc
 *(.crt0)
 .crt0          0x00100000       0x94 /opt/devkitpro/devkitARM/bin/../lib/gcc/arm-none-eabi/14.1.0/../../../../arm-none-eabi/lib/armv6k/fpu/3dsx_crt0.o
                0x00100000                _start
                0x00100008                __service_ptr
                0x0010000c                __apt_appid
                0x00100010                __heap_size
                0x00100014                __linear_heap_size
                0x00100018                __system_arglist
                0x0010001c                __system_runflags
 *(.init)
 .init          0x00100094        0xc /opt/devkitpro/devkitARM/bin/../lib/gcc/arm-none-eabi/14.1.0/armv6k/fpu/crti.o
                0x00100094                _init
 .init          0x001000a0        0xc /opt/devkitpro/devkitARM/bin/../lib/gcc/arm-none-eabi/14.1.0/armv6k/fpu/crtn.o
                0x001000ac                        . = ALIGN (0x4)
 *(.text)
 .text          0x001000ac      0x20c /opt/devkitpro/devkitARM/bin/../lib/gcc/arm-none-eabi/14.1.0/armv6k/fpu/libgcc.a(_udivsi3.o)
                0x001000ac                __udivsi3
                0x001000ac                __aeabi_uidiv
                0x00100298                __aeabi_uidivmod
 .text          0x001002b8      0x240 /opt/devkitpro/devkitARM/bin/../lib/gcc/arm-none-eabi/14.1.0/armv6k/fpu/libgcc.a(_divsi3.o)
                0x001002b8                __aeabi_idiv
                0x001002b8                __divsi3
                0x001004d8                __aeabi_idivmod
 .text          0x001004f8        0x4 /opt/devkitpro/devkitARM/bin/../lib/gcc/arm-none-eabi/14.1.0/armv6k/fpu/libgcc.a(_dvmd_tls.o)
                0x001004f8                __aeabi_ldiv0
                0x001004f8                __aeabi_idiv0
 .text          0x001004fc       0xd4 /opt/devkitpro/devkitARM/bin/../lib/gcc/arm-none-eabi/14.1.0/armv6k/fpu/libgcc.a(_aeabi_ldivmod.o)
                0x001004fc                __aeabi_ldivmod
 *fill*         0x001005d0       0x10 
 .text          0x001005e0      0x390 /opt/devkitpro/devkitARM/bin/../lib/gcc/arm-none-eabi/14.1.0/../../../../arm-none-eabi/lib/armv6k/fpu/libg.a(libc_a-strcmp.o)
                0x001005e8                strcmp
 *(.text.*)
 .text.__do_global_dtors_aux
                0x00100970       0x40 /opt/devkitpro/devkitARM/bin/../lib/gcc/arm-none-eabi/14.1.0/armv6k/fpu/crtbegin.o
 .text.frame_dummy
                0x001009b0       0x2c /opt/devkitpro/devkitARM/bin/../lib/gcc/arm-none-eabi/14.1.0/armv6k/fpu/crtbegin.o
 .text.newEmptyGrid
                0x001009dc       0x68 grid.o
                0x001009dc                newEmptyGrid
 .text.fillGridRandom
                0x00100a44       0x80 grid.o
                0x00100a44                fillGridRandom
 .text.destroyGrid
                0x00100ac4       0x1c grid.o
                0x00100ac4                destroyGrid
 .text.killCell
                0x00100ae0       0x14 grid.o
                0x00100ae0                killCell
 .text.newCell  0x00100af4       0x14 grid.o
                0x00100af4                newCell
 .text.isAlive  0x00100b08        0xc grid.o
                0x00100b08                isAlive
 .text.checkNeighbours
                0x00100b14      0x2b0 grid.o
                0x00100b14                checkNeighbours
 .text.updateCell
                0x00100dc4       0x34 grid.o
                0x00100dc4                updateCell
 .text.getCoords
                0x00100df8       0x5c grid.o
                0x00100df8                getCoords
 .text.getIndex
                0x00100e54       0x4c grid.o
                0x00100e54                getIndex
 .text.drawGrid
                0x00100ea0       0xd8 grid.o
                0x00100ea0                drawGrid
 .text.C2D_SceneBegin
                0x00100f78       0x28 main.o
 .text.mainMenuInit
                0x00100fa0       0x78 main.o
                0x00100fa0                mainMenuInit
 .text.gameTextInit
                0x00101018       0x80 main.o
                0x00101018                gameTextInit
 .text.getTitle
                0x00101098       0x40 main.o
                0x00101098                getTitle
 .text.drawMenu
                0x001010d8      0x274 main.o
                0x001010d8                drawMenu
 .text.draw     0x0010134c       0x48 main.o
                0x0010134c                draw
 .text.updateGrid
                0x00101394       0x68 main.o
                0x00101394                updateGrid
 *fill*         0x001013fc        0x4 
 .text.startup.main
                0x00101400      0xc94 main.o
                0x00101400                main
 .text.C2Di_FrameEndHook
                0x00102094       0x44 /opt/devkitpro/libctru/lib/libcitro2d.a(base.o)
 .text.C2D_Init
                0x001020d8      0x36c /opt/devkitpro/libctru/lib/libcitro2d.a(base.o)
                0x001020d8                C2D_Init
 .text.C2D_Fini
                0x00102444       0x4c /opt/devkitpro/libctru/lib/libcitro2d.a(base.o)
                0x00102444                C2D_Fini
 .text.C2D_Prepare
                0x00102490       0xb8 /opt/devkitpro/libctru/lib/libcitro2d.a(base.o)
                0x00102490                C2D_Prepare
 .text.C2D_Flush
                0x00102548       0x48 /opt/devkitpro/libctru/lib/libcitro2d.a(base.o)
                0x00102548                C2D_Flush
 .text.C2D_SceneSize
                0x00102590      0x104 /opt/devkitpro/libctru/lib/libcitro2d.a(base.o)
                0x00102590                C2D_SceneSize
 .text.C2D_CreateScreenTarget
                0x00102694       0x58 /opt/devkitpro/libctru/lib/libcitro2d.a(base.o)
                0x00102694                C2D_CreateScreenTarget
 .text.C2D_TargetClear
                0x001026ec       0x64 /opt/devkitpro/libctru/lib/libcitro2d.a(base.o)
                0x001026ec                C2D_TargetClear
 .text.C2Di_AppendQuad
                0x00102750       0x58 /opt/devkitpro/libctru/lib/libcitro2d.a(base.o)
                0x00102750                C2Di_AppendQuad
 .text.C2Di_AppendVtx
                0x001027a8       0x40 /opt/devkitpro/libctru/lib/libcitro2d.a(base.o)
                0x001027a8                C2Di_AppendVtx
 .text.C2Di_Update
                0x001027e8      0x550 /opt/devkitpro/libctru/lib/libcitro2d.a(base.o)
                0x001027e8                C2Di_Update
 .text.C2D_DrawRectangle
                0x00102d38      0x158 /opt/devkitpro/libctru/lib/libcitro2d.a(base.o)
                0x00102d38                C2D_DrawRectangle
 .text.C2Di_GlyphComp
                0x00102e90       0x18 /opt/devkitpro/libctru/lib/libcitro2d.a(text.o)
 .text.C2Di_CalcLineWidths
                0x00102ea8      0x140 /opt/devkitpro/libctru/lib/libcitro2d.a(text.o)
 .text.C2D_TextBufNew
                0x00102fe8      0x1dc /opt/devkitpro/libctru/lib/libcitro2d.a(text.o)
                0x00102fe8                C2D_TextBufNew
 .text.C2D_TextBufDelete
                0x001031c4        0x4 /opt/devkitpro/libctru/lib/libcitro2d.a(text.o)
                0x001031c4                C2D_TextBufDelete
 .text.C2D_TextFontParseLine
                0x001031c8      0x1c8 /opt/devkitpro/libctru/lib/libcitro2d.a(text.o)
                0x001031c8                C2D_TextFontParseLine
 .text.C2D_TextFontParse
                0x00103390       0xa8 /opt/devkitpro/libctru/lib/libcitro2d.a(text.o)
                0x00103390                C2D_TextFontParse
 .text.C2D_TextParse
                0x00103438       0x14 /opt/devkitpro/libctru/lib/libcitro2d.a(text.o)
                0x00103438                C2D_TextParse
 .text.C2D_TextOptimize
                0x0010344c       0x30 /opt/devkitpro/libctru/lib/libcitro2d.a(text.o)
                0x0010344c                C2D_TextOptimize
 .text.C2D_TextGetDimensions
                0x0010347c       0xc0 /opt/devkitpro/libctru/lib/libcitro2d.a(text.o)
                0x0010347c                C2D_TextGetDimensions
 .text.C2D_DrawText
                0x0010353c      0xf6c /opt/devkitpro/libctru/lib/libcitro2d.a(text.o)
                0x0010353c                C2D_DrawText
 .text.C2D_FontGlyphIndexFromCodePoint
                0x001044a8       0x44 /opt/devkitpro/libctru/lib/libcitro2d.a(font.o)
                0x001044a8                C2D_FontGlyphIndexFromCodePoint
 .text.C2D_FontCalcGlyphPos
                0x001044ec       0x78 /opt/devkitpro/libctru/lib/libcitro2d.a(font.o)
                0x001044ec                C2D_FontCalcGlyphPos
 .text.AttrInfo_Init
                0x00104564       0x28 /opt/devkitpro/libctru/lib/libcitro3d.a(attribs.o)
                0x00104564                AttrInfo_Init
 .text.AttrInfo_AddLoader
                0x0010458c       0x94 /opt/devkitpro/libctru/lib/libcitro3d.a(attribs.o)
                0x0010458c                AttrInfo_AddLoader
 .text.C3D_SetAttrInfo
                0x00104620       0x54 /opt/devkitpro/libctru/lib/libcitro3d.a(attribs.o)
                0x00104620                C3D_SetAttrInfo
 .text.C3Di_AttrInfoBind
                0x00104674       0x80 /opt/devkitpro/libctru/lib/libcitro3d.a(attribs.o)
                0x00104674                C3Di_AttrInfoBind
 .text.C3Di_LightEnvUpdate
                0x001046f4        0x4 /opt/devkitpro/libctru/lib/libcitro3d.a(base.o)
                0x001046f4                C3Di_LightEnvUpdate
 .text.C3Di_LightEnvDirty
                0x001046f8        0x4 /opt/devkitpro/libctru/lib/libcitro3d.a(base.o)
                0x001046f8                C3Di_LightEnvDirty
 .text.C3Di_AptEventHook
                0x001046fc       0xb4 /opt/devkitpro/libctru/lib/libcitro3d.a(base.o)
 .text.C3Di_GasUpdate
                0x001047b0        0x4 /opt/devkitpro/libctru/lib/libcitro3d.a(base.o)
                0x001047b0                C3Di_GasUpdate
 .text.C3D_Init
                0x001047b4      0x1d0 /opt/devkitpro/libctru/lib/libcitro3d.a(base.o)
                0x001047b4                C3D_Init
 .text.C3D_SetViewport
                0x00104984       0x98 /opt/devkitpro/libctru/lib/libcitro3d.a(base.o)
                0x00104984                C3D_SetViewport
 .text.C3Di_UpdateContext
                0x00104a1c      0x4e8 /opt/devkitpro/libctru/lib/libcitro3d.a(base.o)
                0x00104a1c                C3Di_UpdateContext
 .text.C3Di_SplitFrame
                0x00104f04       0xe0 /opt/devkitpro/libctru/lib/libcitro3d.a(base.o)
                0x00104f04                C3Di_SplitFrame
 .text.C3D_Fini
                0x00104fe4       0x44 /opt/devkitpro/libctru/lib/libcitro3d.a(base.o)
                0x00104fe4                C3D_Fini
 .text.C3D_BindProgram
                0x00105028      0x194 /opt/devkitpro/libctru/lib/libcitro3d.a(base.o)
                0x00105028                C3D_BindProgram
 .text.BufInfo_Init
                0x001051bc       0x24 /opt/devkitpro/libctru/lib/libcitro3d.a(buffers.o)
                0x001051bc                BufInfo_Init
 .text.BufInfo_Add
                0x001051e0       0x80 /opt/devkitpro/libctru/lib/libcitro3d.a(buffers.o)
                0x001051e0                BufInfo_Add
 .text.C3D_SetBufInfo
                0x00105260       0x3c /opt/devkitpro/libctru/lib/libcitro3d.a(buffers.o)
                0x00105260                C3D_SetBufInfo
 .text.C3Di_BufInfoBind
                0x0010529c       0x48 /opt/devkitpro/libctru/lib/libcitro3d.a(buffers.o)
                0x0010529c                C3Di_BufInfoBind
 .text.C3D_DrawElements
                0x001052e4      0x21c /opt/devkitpro/libctru/lib/libcitro3d.a(drawElements.o)
                0x001052e4                C3D_DrawElements
 .text.C3D_DepthMap
                0x00105500       0x40 /opt/devkitpro/libctru/lib/libcitro3d.a(effect.o)
                0x00105500                C3D_DepthMap
 .text.C3D_CullFace
                0x00105540       0x1c /opt/devkitpro/libctru/lib/libcitro3d.a(effect.o)
                0x00105540                C3D_CullFace
 .text.C3D_StencilTest
                0x0010555c       0x40 /opt/devkitpro/libctru/lib/libcitro3d.a(effect.o)
                0x0010555c                C3D_StencilTest
 .text.C3D_StencilOp
                0x0010559c       0x24 /opt/devkitpro/libctru/lib/libcitro3d.a(effect.o)
                0x0010559c                C3D_StencilOp
 .text.C3D_BlendingColor
                0x001055c0       0x1c /opt/devkitpro/libctru/lib/libcitro3d.a(effect.o)
                0x001055c0                C3D_BlendingColor
 .text.C3D_EarlyDepthTest
                0x001055dc       0x24 /opt/devkitpro/libctru/lib/libcitro3d.a(effect.o)
                0x001055dc                C3D_EarlyDepthTest
 .text.C3D_DepthTest
                0x00105600       0x2c /opt/devkitpro/libctru/lib/libcitro3d.a(effect.o)
                0x00105600                C3D_DepthTest
 .text.C3D_AlphaTest
                0x0010562c       0x2c /opt/devkitpro/libctru/lib/libcitro3d.a(effect.o)
                0x0010562c                C3D_AlphaTest
 .text.C3D_AlphaBlend
                0x00105658       0x50 /opt/devkitpro/libctru/lib/libcitro3d.a(effect.o)
                0x00105658                C3D_AlphaBlend
 .text.C3D_FragOpMode
                0x001056a8       0x30 /opt/devkitpro/libctru/lib/libcitro3d.a(effect.o)
                0x001056a8                C3D_FragOpMode
 .text.C3D_FragOpShadow
                0x001056d8       0x44 /opt/devkitpro/libctru/lib/libcitro3d.a(effect.o)
                0x001056d8                C3D_FragOpShadow
 .text.C3Di_EffectBind
                0x0010571c      0x1ac /opt/devkitpro/libctru/lib/libcitro3d.a(effect.o)
                0x0010571c                C3Di_EffectBind
 .text.C3D_CalcColorBufSize
                0x001058c8       0x1c /opt/devkitpro/libctru/lib/libcitro3d.a(framebuffer.o)
                0x001058c8                C3D_CalcColorBufSize
 .text.C3D_CalcDepthBufSize
                0x001058e4       0x1c /opt/devkitpro/libctru/lib/libcitro3d.a(framebuffer.o)
                0x001058e4                C3D_CalcDepthBufSize
 .text.C3D_SetFrameBuf
                0x00105900       0x44 /opt/devkitpro/libctru/lib/libcitro3d.a(framebuffer.o)
                0x00105900                C3D_SetFrameBuf
 .text.C3Di_FrameBufBind
                0x00105944      0x16c /opt/devkitpro/libctru/lib/libcitro3d.a(framebuffer.o)
                0x00105944                C3Di_FrameBufBind
 .text.C3D_FrameBufClear
                0x00105ab0       0xc8 /opt/devkitpro/libctru/lib/libcitro3d.a(framebuffer.o)
                0x00105ab0                C3D_FrameBufClear
 .text.C3D_FrameBufTransfer
                0x00105b78       0x44 /opt/devkitpro/libctru/lib/libcitro3d.a(framebuffer.o)
                0x00105b78                C3D_FrameBufTransfer
 .text.C3D_ImmSendAttrib
                0x00105bbc       0xa8 /opt/devkitpro/libctru/lib/libcitro3d.a(immediate.o)
                0x00105bbc                C3D_ImmSendAttrib
 .text.C3D_ProcTexInit
                0x00105c64       0x70 /opt/devkitpro/libctru/lib/libcitro3d.a(proctex.o)
                0x00105c64                C3D_ProcTexInit
 .text.C3D_ProcTexBind
                0x00105cd4       0x54 /opt/devkitpro/libctru/lib/libcitro3d.a(proctex.o)
                0x00105cd4                C3D_ProcTexBind
 .text.C3D_ProcTexLutBind
                0x00105d28       0x5c /opt/devkitpro/libctru/lib/libcitro3d.a(proctex.o)
                0x00105d28                C3D_ProcTexLutBind
 .text.ProcTexLut_FromArray
                0x00105d84       0xa4 /opt/devkitpro/libctru/lib/libcitro3d.a(proctex.o)
                0x00105d84                ProcTexLut_FromArray
 .text.C3Di_ProcTexUpdate
                0x00105e28      0x178 /opt/devkitpro/libctru/lib/libcitro3d.a(proctex.o)
                0x00105e28                C3Di_ProcTexUpdate
 .text.C3Di_ProcTexDirty
                0x00105fa0       0x68 /opt/devkitpro/libctru/lib/libcitro3d.a(proctex.o)
                0x00105fa0                C3Di_ProcTexDirty
 .text.onVBlank0
                0x00106008       0x4c /opt/devkitpro/libctru/lib/libcitro3d.a(renderqueue.o)
 .text.onVBlank1
                0x00106054       0x4c /opt/devkitpro/libctru/lib/libcitro3d.a(renderqueue.o)
 .text.C3Di_RenderTargetDestroy
                0x001060a0       0x80 /opt/devkitpro/libctru/lib/libcitro3d.a(renderqueue.o)
 .text.onQueueFinish
                0x00106120       0xf4 /opt/devkitpro/libctru/lib/libcitro3d.a(renderqueue.o)
 .text.C3Di_RenderQueueEnableVBlank
                0x00106214       0x38 /opt/devkitpro/libctru/lib/libcitro3d.a(renderqueue.o)
                0x00106214                C3Di_RenderQueueEnableVBlank
 .text.C3Di_RenderQueueDisableVBlank
                0x0010624c       0x30 /opt/devkitpro/libctru/lib/libcitro3d.a(renderqueue.o)
                0x0010624c                C3Di_RenderQueueDisableVBlank
 .text.C3Di_RenderQueueInit
                0x0010627c       0x60 /opt/devkitpro/libctru/lib/libcitro3d.a(renderqueue.o)
                0x0010627c                C3Di_RenderQueueInit
 .text.C3Di_RenderQueueExit
                0x001062dc       0xb4 /opt/devkitpro/libctru/lib/libcitro3d.a(renderqueue.o)
                0x001062dc                C3Di_RenderQueueExit
 .text.C3Di_RenderQueueWaitDone
                0x00106390       0x34 /opt/devkitpro/libctru/lib/libcitro3d.a(renderqueue.o)
                0x00106390                C3Di_RenderQueueWaitDone
 .text.C3D_FrameBegin
                0x001063c4       0xe8 /opt/devkitpro/libctru/lib/libcitro3d.a(renderqueue.o)
                0x001063c4                C3D_FrameBegin
 .text.C3D_FrameDrawOn
                0x001064ac       0x48 /opt/devkitpro/libctru/lib/libcitro3d.a(renderqueue.o)
                0x001064ac                C3D_FrameDrawOn
 .text.C3D_FrameSplit
                0x001064f4       0x58 /opt/devkitpro/libctru/lib/libcitro3d.a(renderqueue.o)
                0x001064f4                C3D_FrameSplit
 .text.C3D_FrameEnd
                0x0010654c      0x1d0 /opt/devkitpro/libctru/lib/libcitro3d.a(renderqueue.o)
                0x0010654c                C3D_FrameEnd
 .text.C3D_FrameEndHook
                0x0010671c       0x1c /opt/devkitpro/libctru/lib/libcitro3d.a(renderqueue.o)
                0x0010671c                C3D_FrameEndHook
 .text.C3D_RenderTargetCreate
                0x00106738      0x170 /opt/devkitpro/libctru/lib/libcitro3d.a(renderqueue.o)
                0x00106738                C3D_RenderTargetCreate
 .text.C3D_RenderTargetSetOutput
                0x001068a8       0xa8 /opt/devkitpro/libctru/lib/libcitro3d.a(renderqueue.o)
                0x001068a8                C3D_RenderTargetSetOutput
 .text.C3D_GetTexEnv
                0x00106950       0x34 /opt/devkitpro/libctru/lib/libcitro3d.a(texenv.o)
                0x00106950                C3D_GetTexEnv
 .text.C3Di_TexEnvBind
                0x00106984       0x24 /opt/devkitpro/libctru/lib/libcitro3d.a(texenv.o)
                0x00106984                C3Di_TexEnvBind
 .text.C3D_TexBind
                0x001069a8       0x44 /opt/devkitpro/libctru/lib/libcitro3d.a(texture.o)
                0x001069a8                C3D_TexBind
 .text.C3Di_SetTex
                0x001069ec      0x14c /opt/devkitpro/libctru/lib/libcitro3d.a(texture.o)
                0x001069ec                C3Di_SetTex
 .text.C3D_UpdateUniforms
                0x00106b38      0x290 /opt/devkitpro/libctru/lib/libcitro3d.a(uniforms.o)
                0x00106b38                C3D_UpdateUniforms
 .text.C3Di_DirtyUniforms
                0x00106dc8       0xc0 /opt/devkitpro/libctru/lib/libcitro3d.a(uniforms.o)
                0x00106dc8                C3Di_DirtyUniforms
 .text.C3Di_LoadShaderUniforms
                0x00106e88       0xd8 /opt/devkitpro/libctru/lib/libcitro3d.a(uniforms.o)
                0x00106e88                C3Di_LoadShaderUniforms
 .text.C3Di_ClearShaderUniforms
                0x00106f60       0x28 /opt/devkitpro/libctru/lib/libcitro3d.a(uniforms.o)
                0x00106f60                C3Di_ClearShaderUniforms
 .text.Mtx_Ortho
                0x00106f88       0xcc /opt/devkitpro/libctru/lib/libcitro3d.a(mtx_ortho.o)
                0x00106f88                Mtx_Ortho
 .text.Mtx_OrthoTilt
                0x00107054       0xcc /opt/devkitpro/libctru/lib/libcitro3d.a(mtx_orthotilt.o)
                0x00107054                Mtx_OrthoTilt
 .text._ZL21addrMapNodeComparatorPK11rbtree_nodeS1_
                0x00107120       0x24 /opt/devkitpro/libctru/lib/libctru.a(linear.o)
 .text._ZL21addrMapNodeDestructorP11rbtree_node
                0x00107144        0x4 /opt/devkitpro/libctru/lib/libctru.a(linear.o)
 .text.linearMemAlign
                0x00107148      0x120 /opt/devkitpro/libctru/lib/libctru.a(linear.o)
                0x00107148                linearMemAlign
 .text.linearAlloc
                0x00107268        0x8 /opt/devkitpro/libctru/lib/libctru.a(linear.o)
                0x00107268                linearAlloc
 .text.linearFree
                0x00107270       0x5c /opt/devkitpro/libctru/lib/libctru.a(linear.o)
                0x00107270                linearFree
 .text._ZN7MemPool13CoalesceRightEP8MemBlock
                0x001072cc       0x80 /opt/devkitpro/libctru/lib/libctru.a(mem_pool.o)
                0x001072cc                MemPool::CoalesceRight(MemBlock*)
 .text._ZN7MemPool8AllocateER8MemChunkmi
                0x0010734c      0x16c /opt/devkitpro/libctru/lib/libctru.a(mem_pool.o)
                0x0010734c                MemPool::Allocate(MemChunk&, unsigned long, int)
 .text._ZN7MemPool10DeallocateERK8MemChunk
                0x001074b8       0xfc /opt/devkitpro/libctru/lib/libctru.a(mem_pool.o)
                0x001074b8                MemPool::Deallocate(MemChunk const&)
 .text._ZN7MemPool12GetFreeSpaceEv
                0x001075b4       0x30 /opt/devkitpro/libctru/lib/libctru.a(mem_pool.o)
                0x001075b4                MemPool::GetFreeSpace()
 .text._ZL21addrMapNodeComparatorPK11rbtree_nodeS1_
                0x001075e4       0x24 /opt/devkitpro/libctru/lib/libctru.a(vram.o)
 .text._ZL21addrMapNodeDestructorP11rbtree_node
                0x00107608        0x4 /opt/devkitpro/libctru/lib/libctru.a(vram.o)
 .text.vramMemAlignAt
                0x0010760c      0x24c /opt/devkitpro/libctru/lib/libctru.a(vram.o)
                0x0010760c                vramMemAlignAt
 .text.vramAlloc
                0x00107858        0xc /opt/devkitpro/libctru/lib/libctru.a(vram.o)
                0x00107858                vramAlloc
 .text.vramAllocAt
                0x00107864        0xc /opt/devkitpro/libctru/lib/libctru.a(vram.o)
                0x00107864                vramAllocAt
 .text.vramFree
                0x00107870       0x90 /opt/devkitpro/libctru/lib/libctru.a(vram.o)
                0x00107870                vramFree
 .text.fontEnsureMapped
                0x00107900       0x94 /opt/devkitpro/libctru/lib/libctru.a(font.o)
                0x00107900                fontEnsureMapped
 .text.fontGlyphIndexFromCodePoint
                0x00107994      0x100 /opt/devkitpro/libctru/lib/libctru.a(font.o)
                0x00107994                fontGlyphIndexFromCodePoint
 .text.fontCalcGlyphPos
                0x00107a94      0x1ec /opt/devkitpro/libctru/lib/libctru.a(font.o)
                0x00107a94                fontCalcGlyphPos
 .text.gfxPresentFramebuffer
                0x00107c80       0xd0 /opt/devkitpro/libctru/lib/libctru.a(gfx.o)
 .text.gfxIsWide
                0x00107d50       0x1c /opt/devkitpro/libctru/lib/libctru.a(gfx.o)
                0x00107d50                gfxIsWide
 .text.gfxSetScreenFormat
                0x00107d6c       0xec /opt/devkitpro/libctru/lib/libctru.a(gfx.o)
                0x00107d6c                gfxSetScreenFormat
 .text.gfxInit  0x00107e58       0xe0 /opt/devkitpro/libctru/lib/libctru.a(gfx.o)
                0x00107e58                gfxInit
 .text.gfxInitDefault
                0x00107f38       0x10 /opt/devkitpro/libctru/lib/libctru.a(gfx.o)
                0x00107f38                gfxInitDefault
 .text.gfxExit  0x00107f48       0xb4 /opt/devkitpro/libctru/lib/libctru.a(gfx.o)
                0x00107f48                gfxExit
 .text.gfxGetFramebuffer
                0x00107ffc       0xa0 /opt/devkitpro/libctru/lib/libctru.a(gfx.o)
                0x00107ffc                gfxGetFramebuffer
 .text.gfxScreenSwapBuffers
                0x0010809c       0x30 /opt/devkitpro/libctru/lib/libctru.a(gfx.o)
                0x0010809c                gfxScreenSwapBuffers
 .text.osConvertVirtToPhys
                0x001080cc       0x74 /opt/devkitpro/libctru/lib/libctru.a(os.o)
                0x001080cc                osConvertVirtToPhys
 .text.osGetTimeRef
                0x00108140       0x54 /opt/devkitpro/libctru/lib/libctru.a(os.o)
                0x00108140                osGetTimeRef
 .text.osGetTime
                0x00108194       0xec /opt/devkitpro/libctru/lib/libctru.a(os.o)
                0x00108194                osGetTime
 .text.__ctru_speedup_config
                0x00108280       0x34 /opt/devkitpro/libctru/lib/libctru.a(os.o)
                0x00108280                __ctru_speedup_config
 .text.romfs_close
                0x001082b4        0x8 /opt/devkitpro/libctru/lib/libctru.a(romfs_dev.o)
 .text.romfs_seek
                0x001082bc       0xc4 /opt/devkitpro/libctru/lib/libctru.a(romfs_dev.o)
 .text.romfs_dirreset
                0x00108380       0x24 /opt/devkitpro/libctru/lib/libctru.a(romfs_dev.o)
 .text.fill_dir
                0x001083a4       0xc8 /opt/devkitpro/libctru/lib/libctru.a(romfs_dev.o)
 .text.romfs_dirnext
                0x0010846c      0x2a8 /opt/devkitpro/libctru/lib/libctru.a(romfs_dev.o)
 .text.romfs_free
                0x00108714       0x84 /opt/devkitpro/libctru/lib/libctru.a(romfs_dev.o)
 .text.searchForFile.constprop.0
                0x00108798       0xd4 /opt/devkitpro/libctru/lib/libctru.a(romfs_dev.o)
 .text.searchForDir.constprop.0
                0x0010886c       0xd8 /opt/devkitpro/libctru/lib/libctru.a(romfs_dev.o)
 .text.navigateToDir.constprop.0
                0x00108944      0x1c0 /opt/devkitpro/libctru/lib/libctru.a(romfs_dev.o)
 .text.romfs_open
                0x00108b04      0x10c /opt/devkitpro/libctru/lib/libctru.a(romfs_dev.o)
 .text.romfs_chdir
                0x00108c10       0x4c /opt/devkitpro/libctru/lib/libctru.a(romfs_dev.o)
 .text.romfs_diropen
                0x00108c5c       0x70 /opt/devkitpro/libctru/lib/libctru.a(romfs_dev.o)
 .text.romfs_stat
                0x00108ccc      0x174 /opt/devkitpro/libctru/lib/libctru.a(romfs_dev.o)
 .text.romfs_dirclose
                0x00108e40        0x8 /opt/devkitpro/libctru/lib/libctru.a(romfs_dev.o)
 .text.romfs_fstat
                0x00108e48       0x84 /opt/devkitpro/libctru/lib/libctru.a(romfs_dev.o)
 .text.romfs_read
                0x00108ecc       0xd0 /opt/devkitpro/libctru/lib/libctru.a(romfs_dev.o)
 .text.romfsMountFromFile
                0x00108f9c      0x28c /opt/devkitpro/libctru/lib/libctru.a(romfs_dev.o)
                0x00108f9c                romfsMountFromFile
 .text.romfsMountFromCurrentProcess
                0x00109228       0x98 /opt/devkitpro/libctru/lib/libctru.a(romfs_dev.o)
                0x00109228                romfsMountFromCurrentProcess
 .text.romfsMountSelf
                0x001092c0      0x260 /opt/devkitpro/libctru/lib/libctru.a(romfs_dev.o)
                0x001092c0                romfsMountSelf
 .text.romfsUnmount
                0x00109520       0xa0 /opt/devkitpro/libctru/lib/libctru.a(romfs_dev.o)
                0x00109520                romfsUnmount
 .text.GPUCMD_Add
                0x001095c0      0x13c /opt/devkitpro/libctru/lib/libctru.a(gpu.o)
                0x001095c0                GPUCMD_Add
 .text.GPUCMD_Split
                0x001096fc       0xb0 /opt/devkitpro/libctru/lib/libctru.a(gpu.o)
                0x001096fc                GPUCMD_Split
 .text.f32tof16
                0x001097ac       0x34 /opt/devkitpro/libctru/lib/libctru.a(gpu.o)
                0x001097ac                f32tof16
 .text.f32tof24
                0x001097e0       0x34 /opt/devkitpro/libctru/lib/libctru.a(gpu.o)
                0x001097e0                f32tof24
 .text.f32tof31
                0x00109814       0x38 /opt/devkitpro/libctru/lib/libctru.a(gpu.o)
                0x00109814                f32tof31
 .text.GX_BindQueue
                0x0010984c       0x10 /opt/devkitpro/libctru/lib/libctru.a(gx.o)
                0x0010984c                GX_BindQueue
 .text.GX_ProcessCommandList
                0x0010985c       0x78 /opt/devkitpro/libctru/lib/libctru.a(gx.o)
                0x0010985c                GX_ProcessCommandList
 .text.GX_MemoryFill
                0x001098d4       0x74 /opt/devkitpro/libctru/lib/libctru.a(gx.o)
                0x001098d4                GX_MemoryFill
 .text.GX_DisplayTransfer
                0x00109948       0x70 /opt/devkitpro/libctru/lib/libctru.a(gx.o)
                0x00109948                GX_DisplayTransfer
 .text.gxCmdQueueDoCommands.part.0
                0x001099b8       0x68 /opt/devkitpro/libctru/lib/libctru.a(gxqueue.o)
 .text.gxCmdQueueInterrupt
                0x00109a20       0xc8 /opt/devkitpro/libctru/lib/libctru.a(gxqueue.o)
                0x00109a20                gxCmdQueueInterrupt
 .text.gxCmdQueueClear
                0x00109ae8       0x4c /opt/devkitpro/libctru/lib/libctru.a(gxqueue.o)
                0x00109ae8                gxCmdQueueClear
 .text.gxCmdQueueAdd
                0x00109b34       0xf8 /opt/devkitpro/libctru/lib/libctru.a(gxqueue.o)
                0x00109b34                gxCmdQueueAdd
 .text.gxCmdQueueRun
                0x00109c2c       0x80 /opt/devkitpro/libctru/lib/libctru.a(gxqueue.o)
                0x00109c2c                gxCmdQueueRun
 .text.gxCmdQueueStop
                0x00109cac       0x60 /opt/devkitpro/libctru/lib/libctru.a(gxqueue.o)
                0x00109cac                gxCmdQueueStop
 .text.gxCmdQueueWait
                0x00109d0c       0x8c /opt/devkitpro/libctru/lib/libctru.a(gxqueue.o)
                0x00109d0c                gxCmdQueueWait
 .text.shaderInstanceInit
                0x00109d98      0x1d0 /opt/devkitpro/libctru/lib/libctru.a(shaderProgram.o)
                0x00109d98                shaderInstanceInit
 .text.shaderInstanceGetUniformLocation
                0x00109f68       0x18 /opt/devkitpro/libctru/lib/libctru.a(shaderProgram.o)
                0x00109f68                shaderInstanceGetUniformLocation
 .text.shaderProgramInit
                0x00109f80       0x1c /opt/devkitpro/libctru/lib/libctru.a(shaderProgram.o)
                0x00109f80                shaderProgramInit
 .text.shaderProgramFree
                0x00109f9c       0x64 /opt/devkitpro/libctru/lib/libctru.a(shaderProgram.o)
                0x00109f9c                shaderProgramFree
 .text.shaderProgramSetVsh
                0x0010a000       0x80 /opt/devkitpro/libctru/lib/libctru.a(shaderProgram.o)
                0x0010a000                shaderProgramSetVsh
 .text.shaderProgramConfigure
                0x0010a080      0x8e0 /opt/devkitpro/libctru/lib/libctru.a(shaderProgram.o)
                0x0010a080                shaderProgramConfigure
 .text.DVLE_GenerateOutmap.part.0
                0x0010a960      0x1cc /opt/devkitpro/libctru/lib/libctru.a(shbin.o)
 .text.DVLB_ParseFile
                0x0010ab2c      0x1b4 /opt/devkitpro/libctru/lib/libctru.a(shbin.o)
                0x0010ab2c                DVLB_ParseFile
 .text.DVLB_Free
                0x0010ace0       0x38 /opt/devkitpro/libctru/lib/libctru.a(shbin.o)
                0x0010ace0                DVLB_Free
 .text.DVLE_GetUniformRegister
                0x0010ad18       0x74 /opt/devkitpro/libctru/lib/libctru.a(shbin.o)
                0x0010ad18                DVLE_GetUniformRegister
 .text.aptConvertScreenForCapture
                0x0010ad8c      0x1ac /opt/devkitpro/libctru/lib/libctru.a(apt.o)
 .text.aptDspSleep
                0x0010af38        0x8 /opt/devkitpro/libctru/lib/libctru.a(apt.o)
                0x0010af38                aptDspSleep
 .text.aptDspWakeup
                0x0010af40        0x4 /opt/devkitpro/libctru/lib/libctru.a(apt.o)
                0x0010af40                aptDspWakeup
 .text.aptDspCancel
                0x0010af44        0x4 /opt/devkitpro/libctru/lib/libctru.a(apt.o)
                0x0010af44                aptDspCancel
 .text.aptSendCommand
                0x0010af48      0x158 /opt/devkitpro/libctru/lib/libctru.a(apt.o)
                0x0010af48                aptSendCommand
 .text.aptExitProcess
                0x0010b0a0       0x44 /opt/devkitpro/libctru/lib/libctru.a(apt.o)
 .text.aptExit  0x0010b0e4      0x38c /opt/devkitpro/libctru/lib/libctru.a(apt.o)
                0x0010b0e4                aptExit
 .text.aptHandleSleep
                0x0010b470       0xe0 /opt/devkitpro/libctru/lib/libctru.a(apt.o)
                0x0010b470                aptHandleSleep
 .text.aptHook  0x0010b550       0x30 /opt/devkitpro/libctru/lib/libctru.a(apt.o)
                0x0010b550                aptHook
 .text.aptUnhook
                0x0010b580       0x30 /opt/devkitpro/libctru/lib/libctru.a(apt.o)
                0x0010b580                aptUnhook
 .text.APT_SleepIfShellClosed
                0x0010b5b0       0x84 /opt/devkitpro/libctru/lib/libctru.a(apt.o)
                0x0010b5b0                APT_SleepIfShellClosed
 .text.aptSetSleepAllowed
                0x0010b634       0x84 /opt/devkitpro/libctru/lib/libctru.a(apt.o)
                0x0010b634                aptSetSleepAllowed
 .text.APT_UnlockTransition
                0x0010b6b8       0x84 /opt/devkitpro/libctru/lib/libctru.a(apt.o)
                0x0010b6b8                APT_UnlockTransition
 *fill*         0x0010b73c        0x4 
 .text.aptEventHandler
                0x0010b740      0x4a4 /opt/devkitpro/libctru/lib/libctru.a(apt.o)
 .text.APT_ReceiveParameter
                0x0010bbe4       0xb0 /opt/devkitpro/libctru/lib/libctru.a(apt.o)
                0x0010bbe4                APT_ReceiveParameter
 .text.aptReceiveParameter.constprop.0
                0x0010bc94       0xac /opt/devkitpro/libctru/lib/libctru.a(apt.o)
 .text.aptScreenTransfer
                0x0010bd40      0x2ac /opt/devkitpro/libctru/lib/libctru.a(apt.o)
 .text.aptWaitForWakeUp.isra.0
                0x0010bfec      0x320 /opt/devkitpro/libctru/lib/libctru.a(apt.o)
 .text.aptJumpToHomeMenu
                0x0010c30c       0xf8 /opt/devkitpro/libctru/lib/libctru.a(apt.o)
                0x0010c30c                aptJumpToHomeMenu
 .text.aptMainLoop
                0x0010c404       0x48 /opt/devkitpro/libctru/lib/libctru.a(apt.o)
                0x0010c404                aptMainLoop
 .text.aptInit  0x0010c44c      0x22c /opt/devkitpro/libctru/lib/libctru.a(apt.o)
                0x0010c44c                aptInit
 .text.APT_CheckNew3DS
                0x0010c678       0x7c /opt/devkitpro/libctru/lib/libctru.a(apt.o)
                0x0010c678                APT_CheckNew3DS
 .text.APT_GetSharedFont
                0x0010c6f4       0x48 /opt/devkitpro/libctru/lib/libctru.a(apt.o)
                0x0010c6f4                APT_GetSharedFont
 .text.fsInit   0x0010c73c       0xcc /opt/devkitpro/libctru/lib/libctru.a(fs.o)
                0x0010c73c                fsInit
 .text.fsExit   0x0010c808       0x3c /opt/devkitpro/libctru/lib/libctru.a(fs.o)
                0x0010c808                fsExit
 .text.fsExemptFromSession
                0x0010c844       0x60 /opt/devkitpro/libctru/lib/libctru.a(fs.o)
                0x0010c844                fsExemptFromSession
 .text.fsUnexemptFromSession
                0x0010c8a4       0x50 /opt/devkitpro/libctru/lib/libctru.a(fs.o)
                0x0010c8a4                fsUnexemptFromSession
 .text.FSUSER_OpenFile
                0x0010c8f4       0xcc /opt/devkitpro/libctru/lib/libctru.a(fs.o)
                0x0010c8f4                FSUSER_OpenFile
 .text.FSUSER_OpenFileDirectly
                0x0010c9c0       0xd4 /opt/devkitpro/libctru/lib/libctru.a(fs.o)
                0x0010c9c0                FSUSER_OpenFileDirectly
 .text.FSUSER_DeleteFile
                0x0010ca94       0xbc /opt/devkitpro/libctru/lib/libctru.a(fs.o)
                0x0010ca94                FSUSER_DeleteFile
 .text.FSUSER_RenameFile
                0x0010cb50       0xf8 /opt/devkitpro/libctru/lib/libctru.a(fs.o)
                0x0010cb50                FSUSER_RenameFile
 .text.FSUSER_DeleteDirectory
                0x0010cc48       0xbc /opt/devkitpro/libctru/lib/libctru.a(fs.o)
                0x0010cc48                FSUSER_DeleteDirectory
 .text.FSUSER_CreateFile
                0x0010cd04       0xd4 /opt/devkitpro/libctru/lib/libctru.a(fs.o)
                0x0010cd04                FSUSER_CreateFile
 .text.FSUSER_CreateDirectory
                0x0010cdd8       0xc4 /opt/devkitpro/libctru/lib/libctru.a(fs.o)
                0x0010cdd8                FSUSER_CreateDirectory
 .text.FSUSER_RenameDirectory
                0x0010ce9c       0xf8 /opt/devkitpro/libctru/lib/libctru.a(fs.o)
                0x0010ce9c                FSUSER_RenameDirectory
 .text.FSUSER_OpenDirectory
                0x0010cf94       0xb4 /opt/devkitpro/libctru/lib/libctru.a(fs.o)
                0x0010cf94                FSUSER_OpenDirectory
 .text.FSUSER_OpenArchive
                0x0010d048       0x94 /opt/devkitpro/libctru/lib/libctru.a(fs.o)
                0x0010d048                FSUSER_OpenArchive
 .text.FSUSER_CloseArchive
                0x0010d0dc       0x8c /opt/devkitpro/libctru/lib/libctru.a(fs.o)
                0x0010d0dc                FSUSER_CloseArchive
 .text.FSUSER_GetSdmcArchiveResource
                0x0010d168       0x74 /opt/devkitpro/libctru/lib/libctru.a(fs.o)
                0x0010d168                FSUSER_GetSdmcArchiveResource
 .text.FSUSER_IsSdmcWritable
                0x0010d1dc       0x64 /opt/devkitpro/libctru/lib/libctru.a(fs.o)
                0x0010d1dc                FSUSER_IsSdmcWritable
 .text.FSFILE_Read
                0x0010d240       0x58 /opt/devkitpro/libctru/lib/libctru.a(fs.o)
                0x0010d240                FSFILE_Read
 .text.FSFILE_Write
                0x0010d298       0x60 /opt/devkitpro/libctru/lib/libctru.a(fs.o)
                0x0010d298                FSFILE_Write
 .text.FSFILE_GetSize
                0x0010d2f8       0x38 /opt/devkitpro/libctru/lib/libctru.a(fs.o)
                0x0010d2f8                FSFILE_GetSize
 .text.FSFILE_SetSize
                0x0010d330       0x28 /opt/devkitpro/libctru/lib/libctru.a(fs.o)
                0x0010d330                FSFILE_SetSize
 .text.FSFILE_Close
                0x0010d358       0x3c /opt/devkitpro/libctru/lib/libctru.a(fs.o)
                0x0010d358                FSFILE_Close
 .text.FSFILE_Flush
                0x0010d394       0x24 /opt/devkitpro/libctru/lib/libctru.a(fs.o)
                0x0010d394                FSFILE_Flush
 .text.FSDIR_Read
                0x0010d3b8       0x50 /opt/devkitpro/libctru/lib/libctru.a(fs.o)
                0x0010d3b8                FSDIR_Read
 .text.FSDIR_Close
                0x0010d408       0x3c /opt/devkitpro/libctru/lib/libctru.a(fs.o)
                0x0010d408                FSDIR_Close
 .text.gspHardwareInit
                0x0010d444      0xc64 /opt/devkitpro/libctru/lib/libctru.a(gspgpu.o)
 .text.gspInit  0x0010e0a8      0x248 /opt/devkitpro/libctru/lib/libctru.a(gspgpu.o)
                0x0010e0a8                gspInit
 .text.gspExit  0x0010e2f0       0xf0 /opt/devkitpro/libctru/lib/libctru.a(gspgpu.o)
                0x0010e2f0                gspExit
 .text.gspHasGpuRight
                0x0010e3e0       0x10 /opt/devkitpro/libctru/lib/libctru.a(gspgpu.o)
                0x0010e3e0                gspHasGpuRight
 .text.gspPresentBuffer
                0x0010e3f0       0xa0 /opt/devkitpro/libctru/lib/libctru.a(gspgpu.o)
                0x0010e3f0                gspPresentBuffer
 .text.gspSetEventCallback
                0x0010e490       0x30 /opt/devkitpro/libctru/lib/libctru.a(gspgpu.o)
                0x0010e490                gspSetEventCallback
 .text.gspWaitForEvent
                0x0010e4c0       0x44 /opt/devkitpro/libctru/lib/libctru.a(gspgpu.o)
                0x0010e4c0                gspWaitForEvent
 .text.gspWaitForAnyEvent
                0x0010e504       0x4c /opt/devkitpro/libctru/lib/libctru.a(gspgpu.o)
                0x0010e504                gspWaitForAnyEvent
 .text.gspEventThreadMain
                0x0010e550      0x158 /opt/devkitpro/libctru/lib/libctru.a(gspgpu.o)
 .text.gspSubmitGxCommand
                0x0010e6a8      0x130 /opt/devkitpro/libctru/lib/libctru.a(gspgpu.o)
                0x0010e6a8                gspSubmitGxCommand
 .text.GSPGPU_FlushDataCache
                0x0010e7d8       0x50 /opt/devkitpro/libctru/lib/libctru.a(gspgpu.o)
                0x0010e7d8                GSPGPU_FlushDataCache
 .text.GSPGPU_SetLcdForceBlack
                0x0010e828       0x34 /opt/devkitpro/libctru/lib/libctru.a(gspgpu.o)
                0x0010e828                GSPGPU_SetLcdForceBlack
 .text.GSPGPU_AcquireRight
                0x0010e85c       0x68 /opt/devkitpro/libctru/lib/libctru.a(gspgpu.o)
                0x0010e85c                GSPGPU_AcquireRight
 .text.GSPGPU_ReleaseRight
                0x0010e8c4       0x48 /opt/devkitpro/libctru/lib/libctru.a(gspgpu.o)
                0x0010e8c4                GSPGPU_ReleaseRight
 .text.GSPGPU_ImportDisplayCaptureInfo
                0x0010e90c       0x7c /opt/devkitpro/libctru/lib/libctru.a(gspgpu.o)
                0x0010e90c                GSPGPU_ImportDisplayCaptureInfo
 .text.GSPGPU_SaveVramSysArea
                0x0010e988       0x2c /opt/devkitpro/libctru/lib/libctru.a(gspgpu.o)
                0x0010e988                GSPGPU_SaveVramSysArea
 .text.GSPGPU_RestoreVramSysArea
                0x0010e9b4       0x2c /opt/devkitpro/libctru/lib/libctru.a(gspgpu.o)
                0x0010e9b4                GSPGPU_RestoreVramSysArea
 .text.hidShouldUseIrrst
                0x0010e9e0       0x24 /opt/devkitpro/libctru/lib/libctru.a(hid.o)
                0x0010e9e0                hidShouldUseIrrst
 .text.hidInit  0x0010ea04      0x18c /opt/devkitpro/libctru/lib/libctru.a(hid.o)
                0x0010ea04                hidInit
 .text.hidExit  0x0010eb90       0xe8 /opt/devkitpro/libctru/lib/libctru.a(hid.o)
                0x0010eb90                hidExit
 .text.hidScanInput
                0x0010ec78      0x2a4 /opt/devkitpro/libctru/lib/libctru.a(hid.o)
                0x0010ec78                hidScanInput
 .text.hidKeysHeld
                0x0010ef1c       0x10 /opt/devkitpro/libctru/lib/libctru.a(hid.o)
                0x0010ef1c                hidKeysHeld
 .text.hidKeysDown
                0x0010ef2c       0x10 /opt/devkitpro/libctru/lib/libctru.a(hid.o)
                0x0010ef2c                hidKeysDown
 .text.hidKeysUp
                0x0010ef3c       0x10 /opt/devkitpro/libctru/lib/libctru.a(hid.o)
                0x0010ef3c                hidKeysUp
 .text.hidTouchRead
                0x0010ef4c       0x18 /opt/devkitpro/libctru/lib/libctru.a(hid.o)
                0x0010ef4c                hidTouchRead
 .text.irrstInit
                0x0010ef64      0x160 /opt/devkitpro/libctru/lib/libctru.a(irrst.o)
                0x0010ef64                irrstInit
 .text.irrstExit
                0x0010f0c4       0xcc /opt/devkitpro/libctru/lib/libctru.a(irrst.o)
                0x0010f0c4                irrstExit
 .text.irrstScanInput
                0x0010f190       0xb4 /opt/devkitpro/libctru/lib/libctru.a(irrst.o)
                0x0010f190                irrstScanInput
 .text.irrstKeysHeld
                0x0010f244       0x24 /opt/devkitpro/libctru/lib/libctru.a(irrst.o)
                0x0010f244                irrstKeysHeld
 .text.ptmSysmInit
                0x0010f268       0x74 /opt/devkitpro/libctru/lib/libctru.a(ptmsysm.o)
                0x0010f268                ptmSysmInit
 .text.ptmSysmExit
                0x0010f2dc       0x3c /opt/devkitpro/libctru/lib/libctru.a(ptmsysm.o)
                0x0010f2dc                ptmSysmExit
 .text.PTMSYSM_ConfigureNew3DSCPU
                0x0010f318       0x34 /opt/devkitpro/libctru/lib/libctru.a(ptmsysm.o)
                0x0010f318                PTMSYSM_ConfigureNew3DSCPU
 .text.rbtree_find
                0x0010f34c       0x74 /opt/devkitpro/libctru/lib/libctru.a(rbtree_find.o)
                0x0010f34c                rbtree_find
 .text.rbtree_init
                0x0010f3c0       0x10 /opt/devkitpro/libctru/lib/libctru.a(rbtree_init.o)
                0x0010f3c0                rbtree_init
 .text.do_insert
                0x0010f3d0      0x1b0 /opt/devkitpro/libctru/lib/libctru.a(rbtree_insert.o)
 .text.rbtree_insert
                0x0010f580        0x8 /opt/devkitpro/libctru/lib/libctru.a(rbtree_insert.o)
                0x0010f580                rbtree_insert
 .text.rbtree_remove
                0x0010f588      0x318 /opt/devkitpro/libctru/lib/libctru.a(rbtree_remove.o)
                0x0010f588                rbtree_remove
 .text.rbtree_rotate
                0x0010f8a0       0x90 /opt/devkitpro/libctru/lib/libctru.a(rbtree_rotate.o)
                0x0010f8a0                rbtree_rotate
 .text.decode_utf8
                0x0010f930      0x13c /opt/devkitpro/libctru/lib/libctru.a(decode_utf8.o)
                0x0010f930                decode_utf8
 .text.utf16_to_utf8
                0x0010fa6c       0xe8 /opt/devkitpro/libctru/lib/libctru.a(utf16_to_utf8.o)
                0x0010fa6c                utf16_to_utf8
 .text.utf8_to_utf16
                0x0010fb54       0xc0 /opt/devkitpro/libctru/lib/libctru.a(utf8_to_utf16.o)
                0x0010fb54                utf8_to_utf16
 *fill*         0x0010fc14        0x4 
 .text.__system_allocateHeaps
                0x0010fc18      0x1e0 /opt/devkitpro/libctru/lib/libctru.a(allocateHeaps.o)
                0x0010fc18                __system_allocateHeaps
 .text.__libctru_init
                0x0010fdf8       0x38 /opt/devkitpro/libctru/lib/libctru.a(ctru_init.o)
                0x0010fdf8                __libctru_init
 .text.__system_initArgv
                0x0010fe30      0x170 /opt/devkitpro/libctru/lib/libctru.a(initArgv.o)
                0x0010fe30                __system_initArgv
 .text.__syscall_getreent
                0x0010ffa0       0x30 /opt/devkitpro/libctru/lib/libctru.a(syscalls.o)
                0x0010ffa0                __syscall_getreent
 .text.__syscall_gettod_r
                0x0010ffd0       0x64 /opt/devkitpro/libctru/lib/libctru.a(syscalls.o)
                0x0010ffd0                __syscall_gettod_r
 .text.__syscall_lock_acquire
                0x00110034        0x4 /opt/devkitpro/libctru/lib/libctru.a(syscalls.o)
                0x00110034                __syscall_lock_acquire
 .text.__syscall_lock_release
                0x00110038        0x4 /opt/devkitpro/libctru/lib/libctru.a(syscalls.o)
                0x00110038                __syscall_lock_release
 .text.__syscall_lock_acquire_recursive
                0x0011003c        0x4 /opt/devkitpro/libctru/lib/libctru.a(syscalls.o)
                0x0011003c                __syscall_lock_acquire_recursive
 .text.__syscall_lock_release_recursive
                0x00110040        0x4 /opt/devkitpro/libctru/lib/libctru.a(syscalls.o)
                0x00110040                __syscall_lock_release_recursive
 .text.__syscall_exit
                0x00110044        0x4 /opt/devkitpro/libctru/lib/libctru.a(syscalls.o)
                0x00110044                __syscall_exit
 .text.initThreadVars
                0x00110048       0x50 /opt/devkitpro/libctru/lib/libctru.a(syscalls.o)
                0x00110048                initThreadVars
 .text.__system_initSyscalls
                0x00110098       0x80 /opt/devkitpro/libctru/lib/libctru.a(syscalls.o)
                0x00110098                __system_initSyscalls
 .text.svcControlMemory
                0x00110118       0x20 /opt/devkitpro/libctru/lib/libctru.a(svc.o)
                0x00110118                svcControlMemory
 .text.svcQueryMemory
                0x00110138       0x30 /opt/devkitpro/libctru/lib/libctru.a(svc.o)
                0x00110138                svcQueryMemory
 .text.svcExitProcess
                0x00110168        0x8 /opt/devkitpro/libctru/lib/libctru.a(svc.o)
                0x00110168                svcExitProcess
 .text.svcCreateThread
                0x00110170       0x20 /opt/devkitpro/libctru/lib/libctru.a(svc.o)
                0x00110170                svcCreateThread
 .text.svcExitThread
                0x00110190        0x8 /opt/devkitpro/libctru/lib/libctru.a(svc.o)
                0x00110190                svcExitThread
 .text.svcSleepThread
                0x00110198        0x8 /opt/devkitpro/libctru/lib/libctru.a(svc.o)
                0x00110198                svcSleepThread
 .text.svcReleaseMutex
                0x001101a0        0x8 /opt/devkitpro/libctru/lib/libctru.a(svc.o)
                0x001101a0                svcReleaseMutex
 .text.svcCreateEvent
                0x001101a8       0x14 /opt/devkitpro/libctru/lib/libctru.a(svc.o)
                0x001101a8                svcCreateEvent
 .text.svcSignalEvent
                0x001101bc        0x8 /opt/devkitpro/libctru/lib/libctru.a(svc.o)
                0x001101bc                svcSignalEvent
 .text.svcClearEvent
                0x001101c4        0x8 /opt/devkitpro/libctru/lib/libctru.a(svc.o)
                0x001101c4                svcClearEvent
 .text.svcMapMemoryBlock
                0x001101cc        0x8 /opt/devkitpro/libctru/lib/libctru.a(svc.o)
                0x001101cc                svcMapMemoryBlock
 .text.svcUnmapMemoryBlock
                0x001101d4        0x8 /opt/devkitpro/libctru/lib/libctru.a(svc.o)
                0x001101d4                svcUnmapMemoryBlock
 .text.svcCreateAddressArbiter
                0x001101dc       0x14 /opt/devkitpro/libctru/lib/libctru.a(svc.o)
                0x001101dc                svcCreateAddressArbiter
 .text.svcArbitrateAddressNoTimeout
                0x001101f0        0x8 /opt/devkitpro/libctru/lib/libctru.a(svc.o)
                0x001101f0                svcArbitrateAddressNoTimeout
 .text.svcCloseHandle
                0x001101f8        0x8 /opt/devkitpro/libctru/lib/libctru.a(svc.o)
                0x001101f8                svcCloseHandle
 .text.svcWaitSynchronization
                0x00110200        0x8 /opt/devkitpro/libctru/lib/libctru.a(svc.o)
                0x00110200                svcWaitSynchronization
 .text.svcWaitSynchronizationN
                0x00110208       0x28 /opt/devkitpro/libctru/lib/libctru.a(svc.o)
                0x00110208                svcWaitSynchronizationN
 .text.svcDuplicateHandle
                0x00110230       0x14 /opt/devkitpro/libctru/lib/libctru.a(svc.o)
                0x00110230                svcDuplicateHandle
 .text.svcGetSystemTick
                0x00110244        0x8 /opt/devkitpro/libctru/lib/libctru.a(svc.o)
                0x00110244                svcGetSystemTick
 .text.svcConnectToPort
                0x0011024c       0x14 /opt/devkitpro/libctru/lib/libctru.a(svc.o)
                0x0011024c                svcConnectToPort
 .text.svcSendSyncRequest
                0x00110260        0x8 /opt/devkitpro/libctru/lib/libctru.a(svc.o)
                0x00110260                svcSendSyncRequest
 .text.svcGetResourceLimit
                0x00110268       0x14 /opt/devkitpro/libctru/lib/libctru.a(svc.o)
                0x00110268                svcGetResourceLimit
 .text.svcGetResourceLimitLimitValues
                0x0011027c        0x8 /opt/devkitpro/libctru/lib/libctru.a(svc.o)
                0x0011027c                svcGetResourceLimitLimitValues
 .text.svcGetResourceLimitCurrentValues
                0x00110284        0x8 /opt/devkitpro/libctru/lib/libctru.a(svc.o)
                0x00110284                svcGetResourceLimitCurrentValues
 .text.svcBreak
                0x0011028c        0x8 /opt/devkitpro/libctru/lib/libctru.a(svc.o)
                0x0011028c                svcBreak
 .text.__aeabi_read_tp
                0x00110294        0xc /opt/devkitpro/libctru/lib/libctru.a(readtp.o)
                0x00110294                __aeabi_read_tp
 .text.initSystem
                0x001102a0       0x50 /opt/devkitpro/libctru/lib/libctru.a(stack_adjust.o)
                0x001102a0                initSystem
 .text.__ctru_exit
                0x001102f0       0x14 /opt/devkitpro/libctru/lib/libctru.a(stack_adjust.o)
                0x001102f0                __ctru_exit
 .text.envGetHandle
                0x00110304       0x84 /opt/devkitpro/libctru/lib/libctru.a(env.o)
                0x00110304                envGetHandle
 .text.envDestroyHandles
                0x00110388       0x50 /opt/devkitpro/libctru/lib/libctru.a(env.o)
                0x00110388                envDestroyHandles
 .text.srvInit  0x001103d8      0x12c /opt/devkitpro/libctru/lib/libctru.a(srv.o)
                0x001103d8                srvInit
 .text.srvExit  0x00110504       0x58 /opt/devkitpro/libctru/lib/libctru.a(srv.o)
                0x00110504                srvExit
 .text.srvEnableNotification
                0x0011055c       0x60 /opt/devkitpro/libctru/lib/libctru.a(srv.o)
                0x0011055c                srvEnableNotification
 .text.srvGetServiceHandleDirect
                0x001105bc       0xa0 /opt/devkitpro/libctru/lib/libctru.a(srv.o)
                0x001105bc                srvGetServiceHandleDirect
 .text.srvGetServiceHandle
                0x0011065c       0x38 /opt/devkitpro/libctru/lib/libctru.a(srv.o)
                0x0011065c                srvGetServiceHandle
 .text.srvSubscribe
                0x00110694       0x34 /opt/devkitpro/libctru/lib/libctru.a(srv.o)
                0x00110694                srvSubscribe
 .text.srvReceiveNotification
                0x001106c8       0x60 /opt/devkitpro/libctru/lib/libctru.a(srv.o)
                0x001106c8                srvReceiveNotification
 .text.srvPublishToSubscriber
                0x00110728       0x38 /opt/devkitpro/libctru/lib/libctru.a(srv.o)
                0x00110728                srvPublishToSubscriber
 .text.__sync_init
                0x00110760        0xc /opt/devkitpro/libctru/lib/libctru.a(synchronization.o)
                0x00110760                __sync_init
 .text.__sync_fini
                0x0011076c       0x18 /opt/devkitpro/libctru/lib/libctru.a(synchronization.o)
                0x0011076c                __sync_fini
 .text.syncArbitrateAddress
                0x00110784       0x2c /opt/devkitpro/libctru/lib/libctru.a(synchronization.o)
                0x00110784                syncArbitrateAddress
 .text.LightLock_Lock
                0x001107b0       0xac /opt/devkitpro/libctru/lib/libctru.a(synchronization.o)
                0x001107b0                LightLock_Lock
 .text.LightLock_Unlock
                0x0011085c       0x40 /opt/devkitpro/libctru/lib/libctru.a(synchronization.o)
                0x0011085c                LightLock_Unlock
 .text.RecursiveLock_Lock
                0x0011089c       0x30 /opt/devkitpro/libctru/lib/libctru.a(synchronization.o)
                0x0011089c                RecursiveLock_Lock
 .text.RecursiveLock_Unlock
                0x001108cc       0x54 /opt/devkitpro/libctru/lib/libctru.a(synchronization.o)
                0x001108cc                RecursiveLock_Unlock
 .text.LightEvent_Init
                0x00110920       0x40 /opt/devkitpro/libctru/lib/libctru.a(synchronization.o)
                0x00110920                LightEvent_Init
 .text.LightEvent_Clear
                0x00110960       0xa4 /opt/devkitpro/libctru/lib/libctru.a(synchronization.o)
                0x00110960                LightEvent_Clear
 .text.LightEvent_Signal
                0x00110a04       0xc8 /opt/devkitpro/libctru/lib/libctru.a(synchronization.o)
                0x00110a04                LightEvent_Signal
 .text.LightEvent_TryWait
                0x00110acc       0x50 /opt/devkitpro/libctru/lib/libctru.a(synchronization.o)
                0x00110acc                LightEvent_TryWait
 .text.LightEvent_Wait
                0x00110b1c       0xa0 /opt/devkitpro/libctru/lib/libctru.a(synchronization.o)
                0x00110b1c                LightEvent_Wait
 .text.threadCreate
                0x00110bbc      0x1d8 /opt/devkitpro/libctru/lib/libctru.a(thread.o)
                0x00110bbc                threadCreate
 .text.threadFree
                0x00110d94       0x2c /opt/devkitpro/libctru/lib/libctru.a(thread.o)
                0x00110d94                threadFree
 .text.threadJoin
                0x00110dc0       0x24 /opt/devkitpro/libctru/lib/libctru.a(thread.o)
                0x00110dc0                threadJoin
 .text.threadGetCurrent
                0x00110de4       0x30 /opt/devkitpro/libctru/lib/libctru.a(thread.o)
                0x00110de4                threadGetCurrent
 .text.threadExit
                0x00110e14       0x40 /opt/devkitpro/libctru/lib/libctru.a(thread.o)
                0x00110e14                threadExit
 .text._thread_begin
                0x00110e54       0x20 /opt/devkitpro/libctru/lib/libctru.a(thread.o)
 .text.mappableFindAddressWithin
                0x00110e74       0xb4 /opt/devkitpro/libctru/lib/libctru.a(mappable.o)
 .text.mappableInit
                0x00110f28       0x28 /opt/devkitpro/libctru/lib/libctru.a(mappable.o)
                0x00110f28                mappableInit
 .text.mappableAlloc
                0x00110f50       0x80 /opt/devkitpro/libctru/lib/libctru.a(mappable.o)
                0x00110f50                mappableAlloc
 .text.mappableFree
                0x00110fd0        0x4 /opt/devkitpro/libctru/lib/libctru.a(mappable.o)
                0x00110fd0                mappableFree
 .text.srvPmGetSessionHandle
                0x00110fd4        0xc /opt/devkitpro/libctru/lib/libctru.a(srvpm.o)
                0x00110fd4                srvPmGetSessionHandle
 .text.rbtree_node_next
                0x00110fe0       0x5c /opt/devkitpro/libctru/lib/libctru.a(rbtree_iterator.o)
                0x00110fe0                rbtree_node_next
 .text.decode_utf16
                0x0011103c       0x64 /opt/devkitpro/libctru/lib/libctru.a(decode_utf16.o)
                0x0011103c                decode_utf16
 .text.encode_utf16
                0x001110a0       0x54 /opt/devkitpro/libctru/lib/libctru.a(encode_utf16.o)
                0x001110a0                encode_utf16
 .text.encode_utf8
                0x001110f4       0xe0 /opt/devkitpro/libctru/lib/libctru.a(encode_utf8.o)
                0x001110f4                encode_utf8
 .text.__appExit
                0x001111d4       0x30 /opt/devkitpro/libctru/lib/libctru.a(appExit.o)
                0x001111d4                __appExit
 .text.__appInit
                0x00111204       0x30 /opt/devkitpro/libctru/lib/libctru.a(appInit.o)
                0x00111204                __appInit
 .text.__libctru_exit
                0x00111234       0x90 /opt/devkitpro/libctru/lib/libctru.a(ctru_exit.o)
                0x00111234                __libctru_exit
 .text.archive_link
                0x001112c4       0x14 /opt/devkitpro/libctru/lib/libctru.a(archive_dev.o)
 .text.archive_dirreset
                0x001112d8       0x14 /opt/devkitpro/libctru/lib/libctru.a(archive_dev.o)
 .text.archive_chmod
                0x001112ec       0x14 /opt/devkitpro/libctru/lib/libctru.a(archive_dev.o)
 .text.error_cmp
                0x00111300       0x24 /opt/devkitpro/libctru/lib/libctru.a(archive_dev.o)
 .text.archive_translate_error
                0x00111324       0x50 /opt/devkitpro/libctru/lib/libctru.a(archive_dev.o)
 .text.archive_seek
                0x00111374       0xc8 /opt/devkitpro/libctru/lib/libctru.a(archive_dev.o)
 .text._archiveInit.part.0
                0x0011143c       0x7c /opt/devkitpro/libctru/lib/libctru.a(archive_dev.o)
 .text.archiveFindDevice.part.0
                0x001114b8       0xc4 /opt/devkitpro/libctru/lib/libctru.a(archive_dev.o)
 .text.archive_utf16path
                0x0011157c      0x280 /opt/devkitpro/libctru/lib/libctru.a(archive_dev.o)
 .text._archiveUnmountDeviceStruct.part.0
                0x001117fc       0x9c /opt/devkitpro/libctru/lib/libctru.a(archive_dev.o)
 .text.archive_fchmod
                0x00111898       0x14 /opt/devkitpro/libctru/lib/libctru.a(archive_dev.o)
 .text.archive_statvfs
                0x001118ac       0x14 /opt/devkitpro/libctru/lib/libctru.a(archive_dev.o)
 .text._archiveMountDevice
                0x001118c0      0x164 /opt/devkitpro/libctru/lib/libctru.a(archive_dev.o)
 .text.archive_diropen
                0x00111a24       0xe8 /opt/devkitpro/libctru/lib/libctru.a(archive_dev.o)
 .text.archive_fstat
                0x00111b0c       0xa4 /opt/devkitpro/libctru/lib/libctru.a(archive_dev.o)
 .text.archive_fsync
                0x00111bb0       0x6c /opt/devkitpro/libctru/lib/libctru.a(archive_dev.o)
 .text.archive_close
                0x00111c1c       0x6c /opt/devkitpro/libctru/lib/libctru.a(archive_dev.o)
 .text.archive_dirclose
                0x00111c88       0x70 /opt/devkitpro/libctru/lib/libctru.a(archive_dev.o)
 .text.sdmc_statvfs
                0x00111cf8       0xe8 /opt/devkitpro/libctru/lib/libctru.a(archive_dev.o)
 .text.archive_chdir
                0x00111de0       0xec /opt/devkitpro/libctru/lib/libctru.a(archive_dev.o)
 .text.archive_ftruncate
                0x00111ecc       0x7c /opt/devkitpro/libctru/lib/libctru.a(archive_dev.o)
 .text.archive_read
                0x00111f48       0xac /opt/devkitpro/libctru/lib/libctru.a(archive_dev.o)
 .text.archive_unlink
                0x00111ff4       0xa4 /opt/devkitpro/libctru/lib/libctru.a(archive_dev.o)
 .text.archive_rmdir
                0x00112098       0xbc /opt/devkitpro/libctru/lib/libctru.a(archive_dev.o)
 .text.archive_mkdir
                0x00112154       0xdc /opt/devkitpro/libctru/lib/libctru.a(archive_dev.o)
 .text.archive_stat
                0x00112230      0x194 /opt/devkitpro/libctru/lib/libctru.a(archive_dev.o)
 .text.archive_dirnext
                0x001123c4      0x160 /opt/devkitpro/libctru/lib/libctru.a(archive_dev.o)
 .text.archive_write
                0x00112524      0x124 /opt/devkitpro/libctru/lib/libctru.a(archive_dev.o)
 .text.archive_open
                0x00112648      0x20c /opt/devkitpro/libctru/lib/libctru.a(archive_dev.o)
 .text.archive_rename
                0x00112854      0x278 /opt/devkitpro/libctru/lib/libctru.a(archive_dev.o)
 .text.archiveMountSdmc
                0x00112acc      0x19c /opt/devkitpro/libctru/lib/libctru.a(archive_dev.o)
                0x00112acc                archiveMountSdmc
 .text.archiveUnmountAll
                0x00112c68       0x54 /opt/devkitpro/libctru/lib/libctru.a(archive_dev.o)
                0x00112c68                archiveUnmountAll
 *fill*         0x00112cbc        0x4 
 .text.sin      0x00112cc0       0xb0 /opt/devkitpro/devkitARM/bin/../lib/gcc/arm-none-eabi/14.1.0/../../../../arm-none-eabi/lib/armv6k/fpu/libm.a(libm_a-s_sin.o)
                0x00112cc0                sin
 .text.__ieee754_rem_pio2
                0x00112d70      0x310 /opt/devkitpro/devkitARM/bin/../lib/gcc/arm-none-eabi/14.1.0/../../../../arm-none-eabi/lib/armv6k/fpu/libm.a(libm_a-e_rem_pio2.o)
                0x00112d70                __ieee754_rem_pio2
 .text.__kernel_rem_pio2
                0x00113080      0x8a0 /opt/devkitpro/devkitARM/bin/../lib/gcc/arm-none-eabi/14.1.0/../../../../arm-none-eabi/lib/armv6k/fpu/libm.a(libm_a-k_rem_pio2.o)
                0x00113080                __kernel_rem_pio2
 .text.scalbn   0x00113920      0x140 /opt/devkitpro/devkitARM/bin/../lib/gcc/arm-none-eabi/14.1.0/../../../../arm-none-eabi/lib/armv6k/fpu/libm.a(libm_a-s_scalbn.o)
                0x00113920                scalbn
 .text.__kernel_sin
                0x00113a60       0xc0 /opt/devkitpro/devkitARM/bin/../lib/gcc/arm-none-eabi/14.1.0/../../../../arm-none-eabi/lib/armv6k/fpu/libm.a(libm_a-k_sin.o)
                0x00113a60                __kernel_sin
 .text.cos      0x00113b20       0xa8 /opt/devkitpro/devkitARM/bin/../lib/gcc/arm-none-eabi/14.1.0/../../../../arm-none-eabi/lib/armv6k/fpu/libm.a(libm_a-s_cos.o)
                0x00113b20                cos
 .text.ceilf    0x00113bc8       0xc0 /opt/devkitpro/devkitARM/bin/../lib/gcc/arm-none-eabi/14.1.0/../../../../arm-none-eabi/lib/armv6k/fpu/libm.a(libm_a-sf_ceil.o)
                0x00113bc8                ceilf
 .text.floor    0x00113c88      0x144 /opt/devkitpro/devkitARM/bin/../lib/gcc/arm-none-eabi/14.1.0/../../../../arm-none-eabi/lib/armv6k/fpu/libm.a(libm_a-s_floor.o)
                0x00113c88                floor
 *fill*         0x00113dcc        0x4 
 .text.__kernel_cos
                0x00113dd0      0x158 /opt/devkitpro/devkitARM/bin/../lib/gcc/arm-none-eabi/14.1.0/../../../../arm-none-eabi/lib/armv6k/fpu/libm.a(libm_a-k_cos.o)
                0x00113dd0                __kernel_cos
 .text.fabs     0x00113f28       0x14 /opt/devkitpro/devkitARM/bin/../lib/gcc/arm-none-eabi/14.1.0/../../../../arm-none-eabi/lib/armv6k/fpu/libm.a(libm_a-s_fabs.o)
                0x00113f28                fabs
 .text.__udivmoddi4
                0x00113f3c      0x120 /opt/devkitpro/devkitARM/bin/../lib/gcc/arm-none-eabi/14.1.0/armv6k/fpu/libgcc.a(_udivmoddi4.o)
                0x00113f3c                __udivmoddi4
 .text.strncmp  0x0011405c       0xd8 /opt/devkitpro/devkitARM/bin/../lib/gcc/arm-none-eabi/14.1.0/../../../../arm-none-eabi/lib/armv6k/fpu/libg.a(libc_a-strncmp.o)
                0x0011405c                strncmp
 .text.strchr   0x00114134      0x130 /opt/devkitpro/devkitARM/bin/../lib/gcc/arm-none-eabi/14.1.0/../../../../arm-none-eabi/lib/armv6k/fpu/libg.a(libc_a-strchr.o)
                0x00114134                strchr
 .text.srand    0x00114264       0x1c /opt/devkitpro/devkitARM/bin/../lib/gcc/arm-none-eabi/14.1.0/../../../../arm-none-eabi/lib/armv6k/fpu/libg.a(libc_a-rand.o)
                0x00114264                srand
 .text.rand     0x00114280       0x44 /opt/devkitpro/devkitARM/bin/../lib/gcc/arm-none-eabi/14.1.0/../../../../arm-none-eabi/lib/armv6k/fpu/libg.a(libc_a-rand.o)
                0x00114280                rand
 .text.strlen   0x001142c4       0x5c /opt/devkitpro/devkitARM/bin/../lib/gcc/arm-none-eabi/14.1.0/../../../../arm-none-eabi/lib/armv6k/fpu/libg.a(libc_a-strlen-stub.o)
                0x001142c4                strlen
 .text.memcmp   0x00114320       0xd4 /opt/devkitpro/devkitARM/bin/../lib/gcc/arm-none-eabi/14.1.0/../../../../arm-none-eabi/lib/armv6k/fpu/libg.a(libc_a-memcmp.o)
                0x00114320                memcmp
 .text._strtoul_l.isra.0
                0x001143f4      0x1e4 /opt/devkitpro/devkitARM/bin/../lib/gcc/arm-none-eabi/14.1.0/../../../../arm-none-eabi/lib/armv6k/fpu/libg.a(libc_a-strtoul.o)
 .text.strtoul  0x001145d8       0x34 /opt/devkitpro/devkitARM/bin/../lib/gcc/arm-none-eabi/14.1.0/../../../../arm-none-eabi/lib/armv6k/fpu/libg.a(libc_a-strtoul.o)
                0x001145d8                strtoul
 .text.strncat  0x0011460c       0xe4 /opt/devkitpro/devkitARM/bin/../lib/gcc/arm-none-eabi/14.1.0/../../../../arm-none-eabi/lib/armv6k/fpu/libg.a(libc_a-strncat.o)
                0x0011460c                strncat
 .text.bsearch  0x001146f0       0x78 /opt/devkitpro/devkitARM/bin/../lib/gcc/arm-none-eabi/14.1.0/../../../../arm-none-eabi/lib/armv6k/fpu/libg.a(libc_a-bsearch.o)
                0x001146f0                bsearch
 .text._fread_r
                0x00114768      0x344 /opt/devkitpro/devkitARM/bin/../lib/gcc/arm-none-eabi/14.1.0/../../../../arm-none-eabi/lib/armv6k/fpu/libg.a(libc_a-fread.o)
                0x00114768                _fread_r
 .text.fread    0x00114aac       0x38 /opt/devkitpro/devkitARM/bin/../lib/gcc/arm-none-eabi/14.1.0/../../../../arm-none-eabi/lib/armv6k/fpu/libg.a(libc_a-fread.o)
                0x00114aac                fread
 .text.calloc   0x00114ae4       0x20 /opt/devkitpro/devkitARM/bin/../lib/gcc/arm-none-eabi/14.1.0/../../../../arm-none-eabi/lib/armv6k/fpu/libg.a(libc_a-calloc.o)
                0x00114ae4                calloc
 .text.qsort    0x00114b04      0x96c /opt/devkitpro/devkitARM/bin/../lib/gcc/arm-none-eabi/14.1.0/../../../../arm-none-eabi/lib/armv6k/fpu/libg.a(libc_a-qsort.o)
                0x00114b04                qsort
 .text.lflush   0x00115470       0x38 /opt/devkitpro/devkitARM/bin/../lib/gcc/arm-none-eabi/14.1.0/../../../../arm-none-eabi/lib/armv6k/fpu/libg.a(libc_a-refill.o)
 .text.__srefill_r
                0x001154a8      0x19c /opt/devkitpro/devkitARM/bin/../lib/gcc/arm-none-eabi/14.1.0/../../../../arm-none-eabi/lib/armv6k/fpu/libg.a(libc_a-refill.o)
                0x001154a8                __srefill_r
 .text._fclose_r
                0x00115644      0x148 /opt/devkitpro/devkitARM/bin/../lib/gcc/arm-none-eabi/14.1.0/../../../../arm-none-eabi/lib/armv6k/fpu/libg.a(libc_a-fclose.o)
                0x00115644                _fclose_r
 .text.fclose   0x0011578c       0x18 /opt/devkitpro/devkitARM/bin/../lib/gcc/arm-none-eabi/14.1.0/../../../../arm-none-eabi/lib/armv6k/fpu/libg.a(libc_a-fclose.o)
                0x0011578c                fclose
 .text._calloc_r
                0x001157a4       0xc0 /opt/devkitpro/devkitARM/bin/../lib/gcc/arm-none-eabi/14.1.0/../../../../arm-none-eabi/lib/armv6k/fpu/libg.a(libc_a-callocr.o)
                0x001157a4                _calloc_r
 .text.__smakebuf_r
                0x00115864      0x144 /opt/devkitpro/devkitARM/bin/../lib/gcc/arm-none-eabi/14.1.0/../../../../arm-none-eabi/lib/armv6k/fpu/libg.a(libc_a-makebuf.o)
                0x00115864                __smakebuf_r
 .text.memalign
                0x001159a8       0x20 /opt/devkitpro/devkitARM/bin/../lib/gcc/arm-none-eabi/14.1.0/../../../../arm-none-eabi/lib/armv6k/fpu/libg.a(libc_a-malign.o)
                0x001159a8                memalign
 .text.stdio_exit_handler
                0x001159c8       0x1c /opt/devkitpro/devkitARM/bin/../lib/gcc/arm-none-eabi/14.1.0/../../../../arm-none-eabi/lib/armv6k/fpu/libg.a(libc_a-findfp.o)
 .text.cleanup_stdio
                0x001159e4       0x5c /opt/devkitpro/devkitARM/bin/../lib/gcc/arm-none-eabi/14.1.0/../../../../arm-none-eabi/lib/armv6k/fpu/libg.a(libc_a-findfp.o)
 .text.global_stdio_init.part.0
                0x00115a40      0x154 /opt/devkitpro/devkitARM/bin/../lib/gcc/arm-none-eabi/14.1.0/../../../../arm-none-eabi/lib/armv6k/fpu/libg.a(libc_a-findfp.o)
 .text.__sfp    0x00115b94      0x134 /opt/devkitpro/devkitARM/bin/../lib/gcc/arm-none-eabi/14.1.0/../../../../arm-none-eabi/lib/armv6k/fpu/libg.a(libc_a-findfp.o)
                0x00115b94                __sfp
 .text.__sinit  0x00115cc8       0x5c /opt/devkitpro/devkitARM/bin/../lib/gcc/arm-none-eabi/14.1.0/../../../../arm-none-eabi/lib/armv6k/fpu/libg.a(libc_a-findfp.o)
                0x00115cc8                __sinit
 .text.__sfp_lock_acquire
                0x00115d24        0xc /opt/devkitpro/devkitARM/bin/../lib/gcc/arm-none-eabi/14.1.0/../../../../arm-none-eabi/lib/armv6k/fpu/libg.a(libc_a-findfp.o)
                0x00115d24                __sfp_lock_acquire
 .text.__sfp_lock_release
                0x00115d30        0xc /opt/devkitpro/devkitARM/bin/../lib/gcc/arm-none-eabi/14.1.0/../../../../arm-none-eabi/lib/armv6k/fpu/libg.a(libc_a-findfp.o)
                0x00115d30                __sfp_lock_release
 .text._malloc_r
                0x00115d3c      0x7e8 /opt/devkitpro/devkitARM/bin/../lib/gcc/arm-none-eabi/14.1.0/../../../../arm-none-eabi/lib/armv6k/fpu/libg.a(libc_a-mallocr.o)
                0x00115d3c                _malloc_r
 .text._malloc_trim_r
                0x00116524       0xf8 /opt/devkitpro/devkitARM/bin/../lib/gcc/arm-none-eabi/14.1.0/../../../../arm-none-eabi/lib/armv6k/fpu/libg.a(libc_a-freer.o)
                0x00116524                _malloc_trim_r
 .text._free_r  0x0011661c      0x300 /opt/devkitpro/devkitARM/bin/../lib/gcc/arm-none-eabi/14.1.0/../../../../arm-none-eabi/lib/armv6k/fpu/libg.a(libc_a-freer.o)
                0x0011661c                _free_r
 .text.strnlen  0x0011691c       0x4c /opt/devkitpro/devkitARM/bin/../lib/gcc/arm-none-eabi/14.1.0/../../../../arm-none-eabi/lib/armv6k/fpu/libg.a(libc_a-strnlen.o)
                0x0011691c                strnlen
 .text.__errno  0x00116968        0xc /opt/devkitpro/devkitARM/bin/../lib/gcc/arm-none-eabi/14.1.0/../../../../arm-none-eabi/lib/armv6k/fpu/libg.a(libc_a-errno.o)
                0x00116968                __errno
 .text.malloc   0x00116974       0x34 /opt/devkitpro/devkitARM/bin/../lib/gcc/arm-none-eabi/14.1.0/../../../../arm-none-eabi/lib/armv6k/fpu/libg.a(libc_a-malloc.o)
                0x00116974                malloc
 .text.free     0x001169a8       0x18 /opt/devkitpro/devkitARM/bin/../lib/gcc/arm-none-eabi/14.1.0/../../../../arm-none-eabi/lib/armv6k/fpu/libg.a(libc_a-malloc.o)
                0x001169a8                free
 .text.memcpy   0x001169c0      0x130 /opt/devkitpro/devkitARM/bin/../lib/gcc/arm-none-eabi/14.1.0/../../../../arm-none-eabi/lib/armv6k/fpu/libg.a(libc_a-memcpy-stub.o)
                0x001169c0                memcpy
 .text._fopen_r
                0x00116af0      0x134 /opt/devkitpro/devkitARM/bin/../lib/gcc/arm-none-eabi/14.1.0/../../../../arm-none-eabi/lib/armv6k/fpu/libg.a(libc_a-fopen.o)
                0x00116af0                _fopen_r
 .text.fopen    0x00116c24       0x20 /opt/devkitpro/devkitARM/bin/../lib/gcc/arm-none-eabi/14.1.0/../../../../arm-none-eabi/lib/armv6k/fpu/libg.a(libc_a-fopen.o)
                0x00116c24                fopen
 .text.time     0x00116c44       0x4c /opt/devkitpro/devkitARM/bin/../lib/gcc/arm-none-eabi/14.1.0/../../../../arm-none-eabi/lib/armv6k/fpu/libg.a(libc_a-time.o)
                0x00116c44                time
 .text.memset   0x00116c90       0xe8 /opt/devkitpro/devkitARM/bin/../lib/gcc/arm-none-eabi/14.1.0/../../../../arm-none-eabi/lib/armv6k/fpu/libg.a(libc_a-memset.o)
                0x00116c90                memset
 .text._fwalk_sglue
                0x00116d78       0x70 /opt/devkitpro/devkitARM/bin/../lib/gcc/arm-none-eabi/14.1.0/../../../../arm-none-eabi/lib/armv6k/fpu/libg.a(libc_a-fwalk.o)
                0x00116d78                _fwalk_sglue
 .text.__malloc_lock
                0x00116de8        0xc /opt/devkitpro/devkitARM/bin/../lib/gcc/arm-none-eabi/14.1.0/../../../../arm-none-eabi/lib/armv6k/fpu/libg.a(libc_a-mlock.o)
                0x00116de8                __malloc_lock
 .text.__malloc_unlock
                0x00116df4        0xc /opt/devkitpro/devkitARM/bin/../lib/gcc/arm-none-eabi/14.1.0/../../../../arm-none-eabi/lib/armv6k/fpu/libg.a(libc_a-mlock.o)
                0x00116df4                __malloc_unlock
 .text.__call_exitprocs
                0x00116e00        0x4 /opt/devkitpro/devkitARM/bin/../lib/gcc/arm-none-eabi/14.1.0/../../../../arm-none-eabi/lib/armv6k/fpu/libg.a(libc_a-exit.o)
                0x00116e00                __call_exitprocs
 .text.exit     0x00116e04       0x30 /opt/devkitpro/devkitARM/bin/../lib/gcc/arm-none-eabi/14.1.0/../../../../arm-none-eabi/lib/armv6k/fpu/libg.a(libc_a-exit.o)
                0x00116e04                exit
 .text._fseek_r
                0x00116e34       0x1c /opt/devkitpro/devkitARM/bin/../lib/gcc/arm-none-eabi/14.1.0/../../../../arm-none-eabi/lib/armv6k/fpu/libg.a(libc_a-fseek.o)
                0x00116e34                _fseek_r
 .text.strncpy  0x00116e50       0xc4 /opt/devkitpro/devkitARM/bin/../lib/gcc/arm-none-eabi/14.1.0/../../../../arm-none-eabi/lib/armv6k/fpu/libg.a(libc_a-strncpy.o)
                0x00116e50                strncpy
 .text.__sflags
                0x00116f14       0xb4 /opt/devkitpro/devkitARM/bin/../lib/gcc/arm-none-eabi/14.1.0/../../../../arm-none-eabi/lib/armv6k/fpu/libg.a(libc_a-flags.o)
                0x00116f14                __sflags
 .text.__libc_init_array
                0x00116fc8       0x84 /opt/devkitpro/devkitARM/bin/../lib/gcc/arm-none-eabi/14.1.0/../../../../arm-none-eabi/lib/armv6k/fpu/libg.a(libc_a-init.o)
                0x00116fc8                __libc_init_array
 .text.__sflush_r
                0x0011704c      0x228 /opt/devkitpro/devkitARM/bin/../lib/gcc/arm-none-eabi/14.1.0/../../../../arm-none-eabi/lib/armv6k/fpu/libg.a(libc_a-fflush.o)
                0x0011704c                __sflush_r
 .text._fflush_r
                0x00117274       0x94 /opt/devkitpro/devkitARM/bin/../lib/gcc/arm-none-eabi/14.1.0/../../../../arm-none-eabi/lib/armv6k/fpu/libg.a(libc_a-fflush.o)
                0x00117274                _fflush_r
 .text._memalign_r
                0x00117308      0x150 /opt/devkitpro/devkitARM/bin/../lib/gcc/arm-none-eabi/14.1.0/../../../../arm-none-eabi/lib/armv6k/fpu/libg.a(libc_a-malignr.o)
                0x00117308                _memalign_r
 .text.__libc_fini_array
                0x00117458       0x3c /opt/devkitpro/devkitARM/bin/../lib/gcc/arm-none-eabi/14.1.0/../../../../arm-none-eabi/lib/armv6k/fpu/libg.a(libc_a-fini.o)
                0x00117458                __libc_fini_array
 .text._fseeko_r
                0x00117494      0x58c /opt/devkitpro/devkitARM/bin/../lib/gcc/arm-none-eabi/14.1.0/../../../../arm-none-eabi/lib/armv6k/fpu/libg.a(libc_a-fseeko.o)
                0x00117494                _fseeko_r
 .text.__sread  0x00117a20       0x44 /opt/devkitpro/devkitARM/bin/../lib/gcc/arm-none-eabi/14.1.0/../../../../arm-none-eabi/lib/armv6k/fpu/libg.a(libc_a-stdio.o)
                0x00117a20                __sread
 .text.__swrite
                0x00117a64       0x68 /opt/devkitpro/devkitARM/bin/../lib/gcc/arm-none-eabi/14.1.0/../../../../arm-none-eabi/lib/armv6k/fpu/libg.a(libc_a-stdio.o)
                0x00117a64                __swrite
 .text.__sseek  0x00117acc       0x40 /opt/devkitpro/devkitARM/bin/../lib/gcc/arm-none-eabi/14.1.0/../../../../arm-none-eabi/lib/armv6k/fpu/libg.a(libc_a-stdio.o)
                0x00117acc                __sseek
 .text.__sclose
                0x00117b0c        0x8 /opt/devkitpro/devkitARM/bin/../lib/gcc/arm-none-eabi/14.1.0/../../../../arm-none-eabi/lib/armv6k/fpu/libg.a(libc_a-stdio.o)
                0x00117b0c                __sclose
 .text._exit    0x00117b14       0x20 /opt/devkitpro/devkitARM/bin/../lib/gcc/arm-none-eabi/14.1.0/../../../../arm-none-eabi/lib/armv6k/fpu/libsysbase.a(libsysbase_libsysbase_a-_exit.o)
                0x00117b14                _exit
 .text.chdir    0x00117b34      0x13c /opt/devkitpro/devkitARM/bin/../lib/gcc/arm-none-eabi/14.1.0/../../../../arm-none-eabi/lib/armv6k/fpu/libsysbase.a(libsysbase_libsysbase_a-chdir.o)
                0x00117b34                chdir
 .text._concatenate_path
                0x00117c70      0x1cc /opt/devkitpro/devkitARM/bin/../lib/gcc/arm-none-eabi/14.1.0/../../../../arm-none-eabi/lib/armv6k/fpu/libsysbase.a(libsysbase_libsysbase_a-concatenate.o)
                0x00117c70                _concatenate_path
 .text._fstat_r
                0x00117e3c       0x88 /opt/devkitpro/devkitARM/bin/../lib/gcc/arm-none-eabi/14.1.0/../../../../arm-none-eabi/lib/armv6k/fpu/libsysbase.a(libsysbase_libsysbase_a-fstat.o)
                0x00117e3c                _fstat_r
 .text.__getreent
                0x00117ec4       0x2c /opt/devkitpro/devkitARM/bin/../lib/gcc/arm-none-eabi/14.1.0/../../../../arm-none-eabi/lib/armv6k/fpu/libsysbase.a(libsysbase_libsysbase_a-getreent.o)
                0x00117ec4                __getreent
 .text._gettimeofday_r
                0x00117ef0       0x30 /opt/devkitpro/devkitARM/bin/../lib/gcc/arm-none-eabi/14.1.0/../../../../arm-none-eabi/lib/armv6k/fpu/libsysbase.a(libsysbase_libsysbase_a-gettod.o)
                0x00117ef0                _gettimeofday_r
 .text.__release_handle
                0x00117f20       0x8c /opt/devkitpro/devkitARM/bin/../lib/gcc/arm-none-eabi/14.1.0/../../../../arm-none-eabi/lib/armv6k/fpu/libsysbase.a(libsysbase_libsysbase_a-handle_manager.o)
                0x00117f20                __release_handle
 .text.__alloc_handle
                0x00117fac       0xb0 /opt/devkitpro/devkitARM/bin/../lib/gcc/arm-none-eabi/14.1.0/../../../../arm-none-eabi/lib/armv6k/fpu/libsysbase.a(libsysbase_libsysbase_a-handle_manager.o)
                0x00117fac                __alloc_handle
 .text.__get_handle
                0x0011805c       0x3c /opt/devkitpro/devkitARM/bin/../lib/gcc/arm-none-eabi/14.1.0/../../../../arm-none-eabi/lib/armv6k/fpu/libsysbase.a(libsysbase_libsysbase_a-handle_manager.o)
                0x0011805c                __get_handle
 .text._close_r
                0x00118098       0xf4 /opt/devkitpro/devkitARM/bin/../lib/gcc/arm-none-eabi/14.1.0/../../../../arm-none-eabi/lib/armv6k/fpu/libsysbase.a(libsysbase_libsysbase_a-handle_manager.o)
                0x00118098                _close_r
 .text.null_write
                0x0011818c        0x8 /opt/devkitpro/devkitARM/bin/../lib/gcc/arm-none-eabi/14.1.0/../../../../arm-none-eabi/lib/armv6k/fpu/libsysbase.a(libsysbase_libsysbase_a-iosupport.o)
 .text.setDefaultDevice
                0x00118194       0x18 /opt/devkitpro/devkitARM/bin/../lib/gcc/arm-none-eabi/14.1.0/../../../../arm-none-eabi/lib/armv6k/fpu/libsysbase.a(libsysbase_libsysbase_a-iosupport.o)
                0x00118194                setDefaultDevice
 .text.FindDevice
                0x001181ac       0xc8 /opt/devkitpro/devkitARM/bin/../lib/gcc/arm-none-eabi/14.1.0/../../../../arm-none-eabi/lib/armv6k/fpu/libsysbase.a(libsysbase_libsysbase_a-iosupport.o)
                0x001181ac                FindDevice
 .text.RemoveDevice
                0x00118274       0x28 /opt/devkitpro/devkitARM/bin/../lib/gcc/arm-none-eabi/14.1.0/../../../../arm-none-eabi/lib/armv6k/fpu/libsysbase.a(libsysbase_libsysbase_a-iosupport.o)
                0x00118274                RemoveDevice
 .text.AddDevice
                0x0011829c       0x98 /opt/devkitpro/devkitARM/bin/../lib/gcc/arm-none-eabi/14.1.0/../../../../arm-none-eabi/lib/armv6k/fpu/libsysbase.a(libsysbase_libsysbase_a-iosupport.o)
                0x0011829c                AddDevice
 .text.GetDeviceOpTab
                0x00118334       0x20 /opt/devkitpro/devkitARM/bin/../lib/gcc/arm-none-eabi/14.1.0/../../../../arm-none-eabi/lib/armv6k/fpu/libsysbase.a(libsysbase_libsysbase_a-iosupport.o)
                0x00118334                GetDeviceOpTab
 .text._isatty_r
                0x00118354        0x8 /opt/devkitpro/devkitARM/bin/../lib/gcc/arm-none-eabi/14.1.0/../../../../arm-none-eabi/lib/armv6k/fpu/libsysbase.a(libsysbase_libsysbase_a-isatty.o)
                0x00118354                _isatty_r
 .text._lseek_r
                0x0011835c       0x8c /opt/devkitpro/devkitARM/bin/../lib/gcc/arm-none-eabi/14.1.0/../../../../arm-none-eabi/lib/armv6k/fpu/libsysbase.a(libsysbase_libsysbase_a-lseek.o)
                0x0011835c                _lseek_r
 .text._open_r  0x001183e8       0xbc /opt/devkitpro/devkitARM/bin/../lib/gcc/arm-none-eabi/14.1.0/../../../../arm-none-eabi/lib/armv6k/fpu/libsysbase.a(libsysbase_libsysbase_a-open.o)
                0x001183e8                _open_r
 .text._read_r  0x001184a4       0x88 /opt/devkitpro/devkitARM/bin/../lib/gcc/arm-none-eabi/14.1.0/../../../../arm-none-eabi/lib/armv6k/fpu/libsysbase.a(libsysbase_libsysbase_a-read.o)
                0x001184a4                _read_r
 .text._sbrk_r  0x0011852c       0x78 /opt/devkitpro/devkitARM/bin/../lib/gcc/arm-none-eabi/14.1.0/../../../../arm-none-eabi/lib/armv6k/fpu/libsysbase.a(libsysbase_libsysbase_a-sbrk.o)
                0x0011852c                _sbrk_r
 .text.__libc_lock_acquire
                0x001185a4       0x1c /opt/devkitpro/devkitARM/bin/../lib/gcc/arm-none-eabi/14.1.0/../../../../arm-none-eabi/lib/armv6k/fpu/libsysbase.a(libsysbase_libsysbase_a-syscall_support.o)
                0x001185a4                __libc_lock_acquire
 .text.__libc_lock_release
                0x001185c0       0x1c /opt/devkitpro/devkitARM/bin/../lib/gcc/arm-none-eabi/14.1.0/../../../../arm-none-eabi/lib/armv6k/fpu/libsysbase.a(libsysbase_libsysbase_a-syscall_support.o)
                0x001185c0                __libc_lock_release
 .text.__libc_lock_acquire_recursive
                0x001185dc       0x1c /opt/devkitpro/devkitARM/bin/../lib/gcc/arm-none-eabi/14.1.0/../../../../arm-none-eabi/lib/armv6k/fpu/libsysbase.a(libsysbase_libsysbase_a-syscall_support.o)
                0x001185dc                __libc_lock_acquire_recursive
 .text.__libc_lock_release_recursive
                0x001185f8       0x1c /opt/devkitpro/devkitARM/bin/../lib/gcc/arm-none-eabi/14.1.0/../../../../arm-none-eabi/lib/armv6k/fpu/libsysbase.a(libsysbase_libsysbase_a-syscall_support.o)
                0x001185f8                __libc_lock_release_recursive
 .text._write_r
                0x00118614       0x88 /opt/devkitpro/devkitARM/bin/../lib/gcc/arm-none-eabi/14.1.0/../../../../arm-none-eabi/lib/armv6k/fpu/libsysbase.a(libsysbase_libsysbase_a-write.o)
                0x00118614                _write_r
 .text.strrchr  0x0011869c       0x48 /opt/devkitpro/devkitARM/bin/../lib/gcc/arm-none-eabi/14.1.0/../../../../arm-none-eabi/lib/armv6k/fpu/libg.a(libc_a-strrchr.o)
                0x0011869c                strrchr
 *(.glue_7)
 .glue_7        0x001186e4        0x0 linker stubs
 *(.glue_7t)
 .glue_7t       0x001186e4        0x0 linker stubs
 *(.stub)
 *(.gnu.warning)
 *(.gnu.linkonce.t*)
                0x001186e4                        . = ALIGN (0x4)
 *(.fini)
 .fini          0x001186e4        0xc /opt/devkitpro/devkitARM/bin/../lib/gcc/arm-none-eabi/14.1.0/armv6k/fpu/crti.o
                0x001186e4                _fini
 .fini          0x001186f0        0xc /opt/devkitpro/devkitARM/bin/../lib/gcc/arm-none-eabi/14.1.0/armv6k/fpu/crtn.o
                0x001186fc                        . = ALIGN (0x4)

.vfp11_veneer   0x001186fc        0x0
 .vfp11_veneer  0x001186fc        0x0 linker stubs

.v4_bx          0x001186fc        0x0
 .v4_bx         0x001186fc        0x0 linker stubs

.iplt           0x001186fc        0x0
 .iplt          0x001186fc        0x0 /opt/devkitpro/devkitARM/bin/../lib/gcc/arm-none-eabi/14.1.0/../../../../arm-none-eabi/lib/armv6k/fpu/3dsx_crt0.o
                0x00119000                        . = ALIGN (0x1000)

.rodata         0x00119000      0x770
 *(.rodata)
 .rodata        0x00119000        0xc /opt/devkitpro/libctru/lib/libctru.a(romfs_dev.o)
 .rodata        0x0011900c        0xc /opt/devkitpro/libctru/lib/libctru.a(archive_dev.o)
 *(.roda)
 *(.rodata.*)
 .rodata.str1.4
                0x00119018      0x100 main.o
                                 0x42 (size before relaxing)
 .rodata.C2D_Init.str1.4
                0x00119118       0x10 /opt/devkitpro/libctru/lib/libcitro2d.a(base.o)
 .rodata.render2d_shbin
                0x00119118      0x190 /opt/devkitpro/libctru/lib/libcitro2d.a(render2d.shbin.o)
                0x00119118                render2d_shbin
                0x001192a4                render2d_shbin_size
                0x001192a4                render2d_shbin_end
 .rodata.depthFmtSizes
                0x001192a8        0x4 /opt/devkitpro/libctru/lib/libcitro3d.a(framebuffer.o)
 .rodata.colorFmtSizes
                0x001192ac        0x5 /opt/devkitpro/libctru/lib/libcitro3d.a(framebuffer.o)
 *fill*         0x001192b1        0x3 
 .rodata.CSWTCH.11
                0x001192b4       0x10 /opt/devkitpro/libctru/lib/libcitro3d.a(proctex.o)
 .rodata.romfs_dirnext.str1.4
                0x001192c4        0x7 /opt/devkitpro/libctru/lib/libctru.a(romfs_dev.o)
 .rodata.romfsMountSelf.str1.4
                0x001192c4       0x19 /opt/devkitpro/libctru/lib/libctru.a(romfs_dev.o)
 .rodata.str1.4
                0x001192c4        0x1 /opt/devkitpro/libctru/lib/libctru.a(romfs_dev.o)
 .rodata.romFS_devoptab
                0x001192c4       0x80 /opt/devkitpro/libctru/lib/libctru.a(romfs_dev.o)
 .rodata.aptSendCommand.str1.4
                0x00119344       0x16 /opt/devkitpro/libctru/lib/libctru.a(apt.o)
 .rodata.morton_y.2
                0x00119344        0x8 /opt/devkitpro/libctru/lib/libctru.a(apt.o)
 .rodata.morton_x.3
                0x0011934c        0x8 /opt/devkitpro/libctru/lib/libctru.a(apt.o)
 .rodata.s_sleepWakeEvents.4
                0x00119354        0x8 /opt/devkitpro/libctru/lib/libctru.a(apt.o)
 .rodata.fsInit.str1.4
                0x0011935c        0x8 /opt/devkitpro/libctru/lib/libctru.a(fs.o)
 .rodata.gspInit.str1.4
                0x0011935c        0x9 /opt/devkitpro/libctru/lib/libctru.a(gspgpu.o)
 .rodata.hidInit.str1.4
                0x0011935c       0x15 /opt/devkitpro/libctru/lib/libctru.a(hid.o)
 .rodata.irrstInit.str1.4
                0x0011935c        0x7 /opt/devkitpro/libctru/lib/libctru.a(irrst.o)
 .rodata.ptmSysmInit.str1.4
                0x0011935c        0x9 /opt/devkitpro/libctru/lib/libctru.a(ptmsysm.o)
 .rodata.__system_initArgv.str1.4
                0x0011935c        0xa /opt/devkitpro/libctru/lib/libctru.a(initArgv.o)
 .rodata.srvInit.str1.4
                0x0011935c        0x5 /opt/devkitpro/libctru/lib/libctru.a(srv.o)
 .rodata.archive_utf16path.str1.4
                0x0011935c        0x2 /opt/devkitpro/libctru/lib/libctru.a(archive_dev.o)
 .rodata._archiveUnmountDeviceStruct.part.0.str1.4
                0x0011935c        0x2 /opt/devkitpro/libctru/lib/libctru.a(archive_dev.o)
 .rodata._archiveMountDevice.str1.4
                0x0011935c        0xc /opt/devkitpro/libctru/lib/libctru.a(archive_dev.o)
 .rodata.archiveMountSdmc.str1.4
                0x0011935c        0x5 /opt/devkitpro/libctru/lib/libctru.a(archive_dev.o)
 .rodata.error_table
                0x0011935c       0x30 /opt/devkitpro/libctru/lib/libctru.a(archive_dev.o)
 .rodata.str1.4
                0x0011938c        0x8 /opt/devkitpro/libctru/lib/libctru.a(archive_dev.o)
 .rodata.archive_devoptab
                0x0011938c       0x80 /opt/devkitpro/libctru/lib/libctru.a(archive_dev.o)
 .rodata.npio2_hw
                0x0011940c       0x80 /opt/devkitpro/devkitARM/bin/../lib/gcc/arm-none-eabi/14.1.0/../../../../arm-none-eabi/lib/armv6k/fpu/libm.a(libm_a-e_rem_pio2.o)
 .rodata.two_over_pi
                0x0011948c      0x108 /opt/devkitpro/devkitARM/bin/../lib/gcc/arm-none-eabi/14.1.0/../../../../arm-none-eabi/lib/armv6k/fpu/libm.a(libm_a-e_rem_pio2.o)
 *fill*         0x00119594        0x4 
 .rodata.PIo2   0x00119598       0x40 /opt/devkitpro/devkitARM/bin/../lib/gcc/arm-none-eabi/14.1.0/../../../../arm-none-eabi/lib/armv6k/fpu/libm.a(libm_a-k_rem_pio2.o)
 .rodata.init_jk
                0x001195d8       0x10 /opt/devkitpro/devkitARM/bin/../lib/gcc/arm-none-eabi/14.1.0/../../../../arm-none-eabi/lib/armv6k/fpu/libm.a(libm_a-k_rem_pio2.o)
 .rodata._ctype_
                0x001195e8      0x101 /opt/devkitpro/devkitARM/bin/../lib/gcc/arm-none-eabi/14.1.0/../../../../arm-none-eabi/lib/armv6k/fpu/libg.a(libc_a-ctype_.o)
                0x001195e8                _ctype_
 .rodata.AddDevice.str1.4
                0x001196e9        0x8 /opt/devkitpro/devkitARM/bin/../lib/gcc/arm-none-eabi/14.1.0/../../../../arm-none-eabi/lib/armv6k/fpu/libsysbase.a(libsysbase_libsysbase_a-iosupport.o)
 *fill*         0x001196e9        0x3 
 .rodata.dotab_stdnull
                0x001196ec       0x80 /opt/devkitpro/devkitARM/bin/../lib/gcc/arm-none-eabi/14.1.0/../../../../arm-none-eabi/lib/armv6k/fpu/libsysbase.a(libsysbase_libsysbase_a-iosupport.o)
                0x001196ec                dotab_stdnull
 *all.rodata*(*)
 *(.gnu.linkonce.r*)
                0x0011976c                        . = ALIGN (0x4)
                0x0011976c                        __tdata_align = .
                0x0011976c        0x4 LONG 0x4 ALIGNOF (.tdata)
                0x00119770                        . = ALIGN (0x4)

.eh_frame       0x00119770        0x0
 .eh_frame      0x00119770        0x0 /opt/devkitpro/devkitARM/bin/../lib/gcc/arm-none-eabi/14.1.0/armv6k/fpu/crtbegin.o

.rel.dyn        0x00119770        0x0
 .rel.iplt      0x00119770        0x0 /opt/devkitpro/devkitARM/bin/../lib/gcc/arm-none-eabi/14.1.0/../../../../arm-none-eabi/lib/armv6k/fpu/3dsx_crt0.o
 .rel.got       0x00119770        0x0 /opt/devkitpro/devkitARM/bin/../lib/gcc/arm-none-eabi/14.1.0/../../../../arm-none-eabi/lib/armv6k/fpu/3dsx_crt0.o

.ARM.extab
 *(.ARM.extab* .gnu.linkonce.armextab.*)
                0x00119770                        __exidx_start = .

.ARM.exidx
 *(.ARM.exidx* .gnu.linkonce.armexidx.*)
                0x00119770                        __exidx_end = .
                0x0011a000                        . = ALIGN (0x1000)

.data           0x0011a000     0x1a24
 *(.data)
 .data          0x0011a000        0x2 main.o
                0x0011a000                selectionTimePeriod
 *(.data.*)
 *fill*         0x0011a002        0x2 
 .data.framerateCounter
                0x0011a004        0x8 /opt/devkitpro/libctru/lib/libcitro3d.a(renderqueue.o)
 .data.framerate
                0x0011a00c        0x4 /opt/devkitpro/libctru/lib/libcitro3d.a(renderqueue.o)
 .data.queueLock
                0x0011a010        0x4 /opt/devkitpro/libctru/lib/libctru.a(gxqueue.o)
 .data.aptChainloadDeliverArgSize
                0x0011a014        0x4 /opt/devkitpro/libctru/lib/libctru.a(apt.o)
 .data.kCount   0x0011a018        0x4 /opt/devkitpro/libctru/lib/libctru.a(hid.o)
 .data.kInterval
                0x0011a01c        0x4 /opt/devkitpro/libctru/lib/libctru.a(hid.o)
 .data.kDelay   0x0011a020        0x4 /opt/devkitpro/libctru/lib/libctru.a(hid.o)
 .data.__stacksize__
                0x0011a024        0x4 /opt/devkitpro/libctru/lib/libctru.a(stack_adjust.o)
                0x0011a024                __stacksize__
 .data._impure_ptr
                0x0011a028        0x4 /opt/devkitpro/devkitARM/bin/../lib/gcc/arm-none-eabi/14.1.0/../../../../arm-none-eabi/lib/armv6k/fpu/libg.a(libc_a-impure.o)
                0x0011a028                _impure_ptr
 *fill*         0x0011a02c        0x4 
 .data._impure_data
                0x0011a030      0x120 /opt/devkitpro/devkitARM/bin/../lib/gcc/arm-none-eabi/14.1.0/../../../../arm-none-eabi/lib/armv6k/fpu/libg.a(libc_a-impure.o)
                0x0011a030                _impure_data